2025-10-06 00:29:54 [http-nio-8080-exec-8] ERROR o.h.e.jdbc.spi.SqlExceptionHelper - Unknown label 'clazz_'. Possible value [u.department_id, u.id, role, department_id, u.name, url_photo, created_at, u.role, lastname, u.created_at, u.lastname, password, u.password, u.url_photo, updated_at, name, u.email, id, u.updated_at, email, u.status, status]
2025-10-06 00:36:16 [http-nio-8080-exec-9] ERROR o.h.e.jdbc.spi.SqlExceptionHelper - Unknown label 'clazz_'. Possible value [u.department_id, u.id, role, department_id, u.name, url_photo, created_at, u.role, lastname, u.created_at, u.lastname, password, u.password, u.url_photo, updated_at, name, u.email, id, u.updated_at, email, u.status, status]
2025-10-06 00:38:18 [http-nio-8080-exec-10] ERROR o.h.e.jdbc.spi.SqlExceptionHelper - Unknown label 'clazz_'. Possible value [u.department_id, u.id, role, department_id, u.name, url_photo, created_at, u.role, lastname, u.created_at, u.lastname, password, u.password, u.url_photo, updated_at, name, u.email, id, u.updated_at, email, u.status, status]
2025-10-06 00:38:43 [http-nio-8080-exec-2] ERROR o.h.e.jdbc.spi.SqlExceptionHelper - Unknown label 'clazz_'. Possible value [u.department_id, u.id, role, department_id, u.name, url_photo, created_at, u.role, lastname, u.created_at, u.lastname, password, u.password, u.url_photo, updated_at, name, u.email, id, u.updated_at, email, u.status, status]
2025-10-06 00:52:21 [http-nio-8080-exec-2] ERROR o.h.e.jdbc.spi.SqlExceptionHelper - Unknown label 'user_type'. Possible value [u.department_id, u.id, role, department_id, u.name, url_photo, created_at, u.role, lastname, u.created_at, u.lastname, password, u.password, u.url_photo, updated_at, name, u.email, id, u.updated_at, email, u.status, status]
2025-10-06 00:56:35 [http-nio-8080-exec-1] ERROR o.h.e.jdbc.spi.SqlExceptionHelper - Unknown label 'clazz_'. Possible value [u.department_id, u.id, role, department_id, u.name, url_photo, created_at, u.role, lastname, u.created_at, u.lastname, password, u.password, u.url_photo, updated_at, name, u.email, id, u.updated_at, email, u.status, status]
2025-10-06 01:03:14 [http-nio-8080-exec-5] ERROR o.h.e.jdbc.spi.SqlExceptionHelper - Unknown label 'age'. Possible value [u.department_id, u.user_type, u.id, role, department_id, u.name, url_photo, created_at, u.role, lastname, u.created_at, u.lastname, password, u.password, user_type, u.url_photo, updated_at, name, u.email, id, u.updated_at, email, u.status, status]
2025-10-06 01:03:21 [http-nio-8080-exec-6] ERROR o.h.e.jdbc.spi.SqlExceptionHelper - Unknown label 'age'. Possible value [u.department_id, u.user_type, u.id, role, department_id, u.name, url_photo, created_at, u.role, lastname, u.created_at, u.lastname, password, u.password, user_type, u.url_photo, updated_at, name, u.email, id, u.updated_at, email, u.status, status]
2025-10-06 01:24:45 [http-nio-8080-exec-7] ERROR o.h.e.jdbc.spi.SqlExceptionHelper - (conn=477) Column 'role' cannot be null
2025-10-06 01:25:44 [http-nio-8080-exec-2] ERROR o.h.e.jdbc.spi.SqlExceptionHelper - (conn=477) Column 'role' cannot be null
2025-10-06 01:28:36 [http-nio-8080-exec-1] ERROR o.h.e.jdbc.spi.SqlExceptionHelper - (conn=487) Duplicate entry 'example@gmail.com' for key 'email'
2025-10-06 01:31:42 [http-nio-8080-exec-2] ERROR o.h.e.jdbc.spi.SqlExceptionHelper - (conn=497) Column 'role' cannot be null
2025-10-06 01:47:32 [http-nio-8080-exec-2] ERROR o.h.e.jdbc.spi.SqlExceptionHelper - (conn=507) Duplicate entry 'example@gmail.com' for key 'email'
2025-10-06 15:01:20 [http-nio-8080-exec-3] ERROR o.h.e.jdbc.spi.SqlExceptionHelper - (conn=643) Column 'instructor_id' cannot be null
2025-10-06 15:23:29 [http-nio-8080-exec-6] ERROR o.h.e.jdbc.spi.SqlExceptionHelper - (conn=653) Column 'instructor_id' cannot be null
2025-10-06 15:24:23 [http-nio-8080-exec-2] ERROR o.h.e.jdbc.spi.SqlExceptionHelper - (conn=665) Column 'instructor_id' cannot be null
2025-10-06 15:35:30 [http-nio-8080-exec-1] ERROR o.h.e.jdbc.spi.SqlExceptionHelper - (conn=675) Column 'instructor_id' cannot be null
2025-10-06 15:40:25 [http-nio-8080-exec-5] ERROR o.h.e.jdbc.spi.SqlExceptionHelper - (conn=695) Column 'instructor_id' cannot be null
2025-10-06 15:54:12 [http-nio-8080-exec-1] ERROR o.h.e.jdbc.spi.SqlExceptionHelper - (conn=735) Column 'instructor_id' cannot be null
2025-10-06 15:58:05 [http-nio-8080-exec-1] ERROR o.h.e.jdbc.spi.SqlExceptionHelper - (conn=745) Column 'instructor_id' cannot be null
2025-10-06 16:08:18 [http-nio-8080-exec-1] ERROR o.h.e.jdbc.spi.SqlExceptionHelper - (conn=766) Column 'season_id' cannot be null
2025-10-06 18:30:45 [http-nio-8080-exec-1] ERROR o.h.e.jdbc.spi.SqlExceptionHelper - (conn=941) Cannot add or update a child row: a foreign key constraint fails (`learncompany`.`modules`, CONSTRAINT `modules_ibfk_1` FOREIGN KEY (`course_id`) REFERENCES `courses` (`id`) ON DELETE CASCADE ON UPDATE CASCADE)
2025-10-06 18:39:42 [restartedMain] ERROR o.s.b.d.LoggingFailureAnalysisReporter - 

***************************
APPLICATION FAILED TO START
***************************

Description:

The dependencies of some of the beans in the application context form a cycle:

   assessmentInstanceService defined in file [/home/payan/Escritorio/Apps-empresariales/learn-company/build/classes/java/main/com/desarrollox/learncompany/domain/service/impl/AssessmentInstanceService.class]
      ↓
   repositoryAssessmenteInstance defined in file [/home/payan/Escritorio/Apps-empresariales/learn-company/build/classes/java/main/com/desarrollox/learncompany/persistence/repository/impl/RepositoryAssessmenteInstance.class]
      ↓
   assessmentInstanceMapperImpl (field private com.desarrollox.learncompany.persistence.mapper.AssessmentTemplateMapper com.desarrollox.learncompany.persistence.mapper.AssessmentInstanceMapperImpl.assessmentTemplateMapper)
┌─────┐
|  assessmentTemplateMapperImpl (field private com.desarrollox.learncompany.persistence.mapper.ModuleMapper com.desarrollox.learncompany.persistence.mapper.AssessmentTemplateMapperImpl.moduleMapper)
↑     ↓
|  moduleMapperImpl (field private com.desarrollox.learncompany.persistence.mapper.AssessmentTemplateMapper com.desarrollox.learncompany.persistence.mapper.ModuleMapperImpl.assessmentTemplateMapper)
└─────┘


Action:

Relying upon circular references is discouraged and they are prohibited by default. Update your application to remove the dependency cycle between beans. As a last resort, it may be possible to break the cycle automatically by setting spring.main.allow-circular-references to true.

2025-10-06 18:40:04 [restartedMain] ERROR o.s.b.d.LoggingFailureAnalysisReporter - 

***************************
APPLICATION FAILED TO START
***************************

Description:

The dependencies of some of the beans in the application context form a cycle:

   assessmentInstanceService defined in file [/home/payan/Escritorio/Apps-empresariales/learn-company/build/classes/java/main/com/desarrollox/learncompany/domain/service/impl/AssessmentInstanceService.class]
      ↓
   repositoryAssessmenteInstance defined in file [/home/payan/Escritorio/Apps-empresariales/learn-company/build/classes/java/main/com/desarrollox/learncompany/persistence/repository/impl/RepositoryAssessmenteInstance.class]
      ↓
   assessmentInstanceMapperImpl (field private com.desarrollox.learncompany.persistence.mapper.AssessmentTemplateMapper com.desarrollox.learncompany.persistence.mapper.AssessmentInstanceMapperImpl.assessmentTemplateMapper)
┌─────┐
|  assessmentTemplateMapperImpl (field private com.desarrollox.learncompany.persistence.mapper.ModuleMapper com.desarrollox.learncompany.persistence.mapper.AssessmentTemplateMapperImpl.moduleMapper)
↑     ↓
|  moduleMapperImpl (field private com.desarrollox.learncompany.persistence.mapper.AssessmentTemplateMapper com.desarrollox.learncompany.persistence.mapper.ModuleMapperImpl.assessmentTemplateMapper)
└─────┘


Action:

Relying upon circular references is discouraged and they are prohibited by default. Update your application to remove the dependency cycle between beans. As a last resort, it may be possible to break the cycle automatically by setting spring.main.allow-circular-references to true.

2025-10-06 18:42:29 [restartedMain] ERROR o.s.b.d.LoggingFailureAnalysisReporter - 

***************************
APPLICATION FAILED TO START
***************************

Description:

The dependencies of some of the beans in the application context form a cycle:

   assessmentInstanceService defined in file [/home/payan/Escritorio/Apps-empresariales/learn-company/build/classes/java/main/com/desarrollox/learncompany/domain/service/impl/AssessmentInstanceService.class]
      ↓
   repositoryAssessmenteInstance defined in file [/home/payan/Escritorio/Apps-empresariales/learn-company/build/classes/java/main/com/desarrollox/learncompany/persistence/repository/impl/RepositoryAssessmenteInstance.class]
      ↓
   assessmentInstanceMapperImpl (field private com.desarrollox.learncompany.persistence.mapper.AssessmentTemplateMapper com.desarrollox.learncompany.persistence.mapper.AssessmentInstanceMapperImpl.assessmentTemplateMapper)
┌─────┐
|  assessmentTemplateMapperImpl (field private com.desarrollox.learncompany.persistence.mapper.ModuleMapper com.desarrollox.learncompany.persistence.mapper.AssessmentTemplateMapperImpl.moduleMapper)
↑     ↓
|  moduleMapperImpl (field private com.desarrollox.learncompany.persistence.mapper.AssessmentTemplateMapper com.desarrollox.learncompany.persistence.mapper.ModuleMapperImpl.assessmentTemplateMapper)
└─────┘


Action:

Relying upon circular references is discouraged and they are prohibited by default. Update your application to remove the dependency cycle between beans. As a last resort, it may be possible to break the cycle automatically by setting spring.main.allow-circular-references to true.

2025-10-06 20:02:21 [restartedMain] ERROR o.s.b.d.LoggingFailureAnalysisReporter - 

***************************
APPLICATION FAILED TO START
***************************

Description:

Parameter 0 of constructor in com.desarrollox.learncompany.domain.service.impl.AssessmentInstanceService required a bean of type 'com.desarrollox.learncompany.domain.accessDb.IRepositoryAssessmentInstance' that could not be found.


Action:

Consider defining a bean of type 'com.desarrollox.learncompany.domain.accessDb.IRepositoryAssessmentInstance' in your configuration.

2025-10-06 20:02:27 [restartedMain] ERROR o.s.b.d.LoggingFailureAnalysisReporter - 

***************************
APPLICATION FAILED TO START
***************************

Description:

Failed to configure a DataSource: 'url' attribute is not specified and no embedded datasource could be configured.

Reason: Failed to determine a suitable driver class


Action:

Consider the following:
	If you want an embedded database (H2, HSQL or Derby), please put it on the classpath.
	If you have database settings to be loaded from a particular profile you may need to activate it (the profiles debug are currently active).

2025-10-06 20:02:29 [restartedMain] ERROR o.s.b.d.LoggingFailureAnalysisReporter - 

***************************
APPLICATION FAILED TO START
***************************

Description:

Failed to configure a DataSource: 'url' attribute is not specified and no embedded datasource could be configured.

Reason: Failed to determine a suitable driver class


Action:

Consider the following:
	If you want an embedded database (H2, HSQL or Derby), please put it on the classpath.
	If you have database settings to be loaded from a particular profile you may need to activate it (the profiles debug are currently active).

2025-10-06 20:02:53 [restartedMain] ERROR o.s.b.d.LoggingFailureAnalysisReporter - 

***************************
APPLICATION FAILED TO START
***************************

Description:

The dependencies of some of the beans in the application context form a cycle:

   assessmentInstanceService defined in file [/home/sebastian/Documentos/learn-company/build/classes/java/main/com/desarrollox/learncompany/domain/service/impl/AssessmentInstanceService.class]
      ↓
   repositoryAssessmenteInstance defined in file [/home/sebastian/Documentos/learn-company/build/classes/java/main/com/desarrollox/learncompany/persistence/repository/impl/RepositoryAssessmenteInstance.class]
      ↓
   assessmentInstanceMapperImpl (field private com.desarrollox.learncompany.persistence.mapper.AssessmentTemplateMapper com.desarrollox.learncompany.persistence.mapper.AssessmentInstanceMapperImpl.assessmentTemplateMapper)
┌─────┐
|  assessmentTemplateMapperImpl (field private com.desarrollox.learncompany.persistence.mapper.ModuleMapper com.desarrollox.learncompany.persistence.mapper.AssessmentTemplateMapperImpl.moduleMapper)
↑     ↓
|  moduleMapperImpl (field private com.desarrollox.learncompany.persistence.mapper.AssessmentTemplateMapper com.desarrollox.learncompany.persistence.mapper.ModuleMapperImpl.assessmentTemplateMapper)
└─────┘


Action:

Relying upon circular references is discouraged and they are prohibited by default. Update your application to remove the dependency cycle between beans. As a last resort, it may be possible to break the cycle automatically by setting spring.main.allow-circular-references to true.

2025-10-06 20:02:55 [restartedMain] ERROR o.s.b.d.LoggingFailureAnalysisReporter - 

***************************
APPLICATION FAILED TO START
***************************

Description:

The dependencies of some of the beans in the application context form a cycle:

   assessmentInstanceService defined in file [/home/sebastian/Documentos/learn-company/build/classes/java/main/com/desarrollox/learncompany/domain/service/impl/AssessmentInstanceService.class]
      ↓
   repositoryAssessmenteInstance defined in file [/home/sebastian/Documentos/learn-company/build/classes/java/main/com/desarrollox/learncompany/persistence/repository/impl/RepositoryAssessmenteInstance.class]
      ↓
   assessmentInstanceMapperImpl (field private com.desarrollox.learncompany.persistence.mapper.AssessmentTemplateMapper com.desarrollox.learncompany.persistence.mapper.AssessmentInstanceMapperImpl.assessmentTemplateMapper)
┌─────┐
|  assessmentTemplateMapperImpl (field private com.desarrollox.learncompany.persistence.mapper.ModuleMapper com.desarrollox.learncompany.persistence.mapper.AssessmentTemplateMapperImpl.moduleMapper)
↑     ↓
|  moduleMapperImpl (field private com.desarrollox.learncompany.persistence.mapper.AssessmentTemplateMapper com.desarrollox.learncompany.persistence.mapper.ModuleMapperImpl.assessmentTemplateMapper)
└─────┘


Action:

Relying upon circular references is discouraged and they are prohibited by default. Update your application to remove the dependency cycle between beans. As a last resort, it may be possible to break the cycle automatically by setting spring.main.allow-circular-references to true.

2025-10-06 20:06:57 [restartedMain] ERROR o.s.b.d.LoggingFailureAnalysisReporter - 

***************************
APPLICATION FAILED TO START
***************************

Description:

Parameter 0 of constructor in com.desarrollox.learncompany.domain.service.impl.AssessmentInstanceService required a bean of type 'com.desarrollox.learncompany.domain.accessDb.IRepositoryAssessmentInstance' that could not be found.


Action:

Consider defining a bean of type 'com.desarrollox.learncompany.domain.accessDb.IRepositoryAssessmentInstance' in your configuration.

2025-10-06 20:07:00 [restartedMain] ERROR o.s.b.d.LoggingFailureAnalysisReporter - 

***************************
APPLICATION FAILED TO START
***************************

Description:

The dependencies of some of the beans in the application context form a cycle:

   assessmentInstanceService defined in file [/home/sebastian/Documentos/learn-company/build/classes/java/main/com/desarrollox/learncompany/domain/service/impl/AssessmentInstanceService.class]
      ↓
   repositoryAssessmenteInstance defined in file [/home/sebastian/Documentos/learn-company/build/classes/java/main/com/desarrollox/learncompany/persistence/repository/impl/RepositoryAssessmenteInstance.class]
      ↓
   assessmentInstanceMapperImpl (field private com.desarrollox.learncompany.persistence.mapper.AssessmentTemplateMapper com.desarrollox.learncompany.persistence.mapper.AssessmentInstanceMapperImpl.assessmentTemplateMapper)
┌─────┐
|  assessmentTemplateMapperImpl (field private com.desarrollox.learncompany.persistence.mapper.QuestionMapper com.desarrollox.learncompany.persistence.mapper.AssessmentTemplateMapperImpl.questionMapper)
↑     ↓
|  questionMapperImpl (field private com.desarrollox.learncompany.persistence.mapper.AssessmentTemplateMapper com.desarrollox.learncompany.persistence.mapper.QuestionMapperImpl.assessmentTemplateMapper)
└─────┘


Action:

Relying upon circular references is discouraged and they are prohibited by default. Update your application to remove the dependency cycle between beans. As a last resort, it may be possible to break the cycle automatically by setting spring.main.allow-circular-references to true.

2025-10-06 20:07:03 [restartedMain] ERROR o.s.b.d.LoggingFailureAnalysisReporter - 

***************************
APPLICATION FAILED TO START
***************************

Description:

The dependencies of some of the beans in the application context form a cycle:

   assessmentInstanceService defined in file [/home/sebastian/Documentos/learn-company/build/classes/java/main/com/desarrollox/learncompany/domain/service/impl/AssessmentInstanceService.class]
      ↓
   repositoryAssessmenteInstance defined in file [/home/sebastian/Documentos/learn-company/build/classes/java/main/com/desarrollox/learncompany/persistence/repository/impl/RepositoryAssessmenteInstance.class]
      ↓
   assessmentInstanceMapperImpl (field private com.desarrollox.learncompany.persistence.mapper.AssessmentTemplateMapper com.desarrollox.learncompany.persistence.mapper.AssessmentInstanceMapperImpl.assessmentTemplateMapper)
┌─────┐
|  assessmentTemplateMapperImpl (field private com.desarrollox.learncompany.persistence.mapper.QuestionMapper com.desarrollox.learncompany.persistence.mapper.AssessmentTemplateMapperImpl.questionMapper)
↑     ↓
|  questionMapperImpl (field private com.desarrollox.learncompany.persistence.mapper.AssessmentTemplateMapper com.desarrollox.learncompany.persistence.mapper.QuestionMapperImpl.assessmentTemplateMapper)
└─────┘


Action:

Relying upon circular references is discouraged and they are prohibited by default. Update your application to remove the dependency cycle between beans. As a last resort, it may be possible to break the cycle automatically by setting spring.main.allow-circular-references to true.

2025-10-06 20:08:02 [restartedMain] ERROR o.s.b.d.LoggingFailureAnalysisReporter - 

***************************
APPLICATION FAILED TO START
***************************

Description:

The dependencies of some of the beans in the application context form a cycle:

   assessmentInstanceService defined in file [/home/sebastian/Documentos/learn-company/build/classes/java/main/com/desarrollox/learncompany/domain/service/impl/AssessmentInstanceService.class]
      ↓
   repositoryAssessmenteInstance defined in file [/home/sebastian/Documentos/learn-company/build/classes/java/main/com/desarrollox/learncompany/persistence/repository/impl/RepositoryAssessmenteInstance.class]
      ↓
   assessmentInstanceMapperImpl (field private com.desarrollox.learncompany.persistence.mapper.AssessmentTemplateMapper com.desarrollox.learncompany.persistence.mapper.AssessmentInstanceMapperImpl.assessmentTemplateMapper)
┌─────┐
|  assessmentTemplateMapperImpl (field private com.desarrollox.learncompany.persistence.mapper.QuestionMapper com.desarrollox.learncompany.persistence.mapper.AssessmentTemplateMapperImpl.questionMapper)
↑     ↓
|  questionMapperImpl (field private com.desarrollox.learncompany.persistence.mapper.AssessmentTemplateMapper com.desarrollox.learncompany.persistence.mapper.QuestionMapperImpl.assessmentTemplateMapper)
└─────┘


Action:

Relying upon circular references is discouraged and they are prohibited by default. Update your application to remove the dependency cycle between beans. As a last resort, it may be possible to break the cycle automatically by setting spring.main.allow-circular-references to true.

2025-10-06 20:08:46 [restartedMain] ERROR o.s.b.d.LoggingFailureAnalysisReporter - 

***************************
APPLICATION FAILED TO START
***************************

Description:

The dependencies of some of the beans in the application context form a cycle:

   assessmentInstanceService defined in file [/home/sebastian/Documentos/learn-company/build/classes/java/main/com/desarrollox/learncompany/domain/service/impl/AssessmentInstanceService.class]
      ↓
   repositoryAssessmenteInstance defined in file [/home/sebastian/Documentos/learn-company/build/classes/java/main/com/desarrollox/learncompany/persistence/repository/impl/RepositoryAssessmenteInstance.class]
      ↓
   assessmentInstanceMapperImpl (field private com.desarrollox.learncompany.persistence.mapper.AssessmentTemplateMapper com.desarrollox.learncompany.persistence.mapper.AssessmentInstanceMapperImpl.assessmentTemplateMapper)
┌─────┐
|  assessmentTemplateMapperImpl (field private com.desarrollox.learncompany.persistence.mapper.QuestionMapper com.desarrollox.learncompany.persistence.mapper.AssessmentTemplateMapperImpl.questionMapper)
↑     ↓
|  questionMapperImpl (field private com.desarrollox.learncompany.persistence.mapper.AssessmentTemplateMapper com.desarrollox.learncompany.persistence.mapper.QuestionMapperImpl.assessmentTemplateMapper)
└─────┘


Action:

Relying upon circular references is discouraged and they are prohibited by default. Update your application to remove the dependency cycle between beans. As a last resort, it may be possible to break the cycle automatically by setting spring.main.allow-circular-references to true.

2025-10-06 20:13:39 [restartedMain] ERROR o.s.boot.SpringApplication - Application run failed
org.springframework.context.ApplicationContextException: Failed to start bean 'webServerStartStop'
	at org.springframework.context.support.DefaultLifecycleProcessor.doStart(DefaultLifecycleProcessor.java:408)
	at org.springframework.context.support.DefaultLifecycleProcessor.doStart(DefaultLifecycleProcessor.java:394)
	at org.springframework.context.support.DefaultLifecycleProcessor$LifecycleGroup.start(DefaultLifecycleProcessor.java:586)
	at java.base/java.lang.Iterable.forEach(Iterable.java:75)
	at org.springframework.context.support.DefaultLifecycleProcessor.startBeans(DefaultLifecycleProcessor.java:364)
	at org.springframework.context.support.DefaultLifecycleProcessor.onRefresh(DefaultLifecycleProcessor.java:310)
	at org.springframework.context.support.AbstractApplicationContext.finishRefresh(AbstractApplicationContext.java:1006)
	at org.springframework.context.support.AbstractApplicationContext.refresh(AbstractApplicationContext.java:630)
	at org.springframework.boot.web.servlet.context.ServletWebServerApplicationContext.refresh(ServletWebServerApplicationContext.java:146)
	at org.springframework.boot.SpringApplication.refresh(SpringApplication.java:752)
	at org.springframework.boot.SpringApplication.refreshContext(SpringApplication.java:439)
	at org.springframework.boot.SpringApplication.run(SpringApplication.java:318)
	at org.springframework.boot.SpringApplication.run(SpringApplication.java:1361)
	at org.springframework.boot.SpringApplication.run(SpringApplication.java:1350)
	at com.desarrollox.learncompany.LearncompanyApplication.main(LearncompanyApplication.java:24)
	at java.base/jdk.internal.reflect.NativeMethodAccessorImpl.invoke0(Native Method)
	at java.base/jdk.internal.reflect.NativeMethodAccessorImpl.invoke(NativeMethodAccessorImpl.java:77)
	at java.base/jdk.internal.reflect.DelegatingMethodAccessorImpl.invoke(DelegatingMethodAccessorImpl.java:43)
	at java.base/java.lang.reflect.Method.invoke(Method.java:569)
	at org.springframework.boot.devtools.restart.RestartLauncher.run(RestartLauncher.java:50)
Caused by: org.springframework.boot.web.server.WebServerException: Unable to start embedded Tomcat server
	at org.springframework.boot.web.embedded.tomcat.TomcatWebServer.start(TomcatWebServer.java:251)
	at org.springframework.boot.web.servlet.context.WebServerStartStopLifecycle.start(WebServerStartStopLifecycle.java:44)
	at org.springframework.context.support.DefaultLifecycleProcessor.doStart(DefaultLifecycleProcessor.java:405)
	... 19 common frames omitted
Caused by: java.lang.IllegalArgumentException: standardService.connector.startFailed
	at org.apache.catalina.core.StandardService.addConnector(StandardService.java:222)
	at org.springframework.boot.web.embedded.tomcat.TomcatWebServer.addPreviouslyRemovedConnectors(TomcatWebServer.java:310)
	at org.springframework.boot.web.embedded.tomcat.TomcatWebServer.start(TomcatWebServer.java:236)
	... 21 common frames omitted
Caused by: org.apache.catalina.LifecycleException: Protocol handler start failed
	at org.apache.catalina.connector.Connector.startInternal(Connector.java:1106)
	at org.apache.catalina.util.LifecycleBase.start(LifecycleBase.java:164)
	at org.apache.catalina.core.StandardService.addConnector(StandardService.java:219)
	... 23 common frames omitted
Caused by: java.net.BindException: La dirección ya se está usando
	at java.base/sun.nio.ch.Net.bind0(Native Method)
	at java.base/sun.nio.ch.Net.bind(Net.java:555)
	at java.base/sun.nio.ch.ServerSocketChannelImpl.netBind(ServerSocketChannelImpl.java:337)
	at java.base/sun.nio.ch.ServerSocketChannelImpl.bind(ServerSocketChannelImpl.java:294)
	at org.apache.tomcat.util.net.NioEndpoint.initServerSocket(NioEndpoint.java:266)
	at org.apache.tomcat.util.net.NioEndpoint.bind(NioEndpoint.java:221)
	at org.apache.tomcat.util.net.AbstractEndpoint.bindWithCleanup(AbstractEndpoint.java:1399)
	at org.apache.tomcat.util.net.AbstractEndpoint.start(AbstractEndpoint.java:1482)
	at org.apache.coyote.AbstractProtocol.start(AbstractProtocol.java:644)
	at org.apache.catalina.connector.Connector.startInternal(Connector.java:1103)
	... 25 common frames omitted
2025-10-06 20:13:56 [restartedMain] ERROR o.s.boot.SpringApplication - Application run failed
org.springframework.context.ApplicationContextException: Failed to start bean 'webServerStartStop'
	at org.springframework.context.support.DefaultLifecycleProcessor.doStart(DefaultLifecycleProcessor.java:408)
	at org.springframework.context.support.DefaultLifecycleProcessor.doStart(DefaultLifecycleProcessor.java:394)
	at org.springframework.context.support.DefaultLifecycleProcessor$LifecycleGroup.start(DefaultLifecycleProcessor.java:586)
	at java.base/java.lang.Iterable.forEach(Iterable.java:75)
	at org.springframework.context.support.DefaultLifecycleProcessor.startBeans(DefaultLifecycleProcessor.java:364)
	at org.springframework.context.support.DefaultLifecycleProcessor.onRefresh(DefaultLifecycleProcessor.java:310)
	at org.springframework.context.support.AbstractApplicationContext.finishRefresh(AbstractApplicationContext.java:1006)
	at org.springframework.context.support.AbstractApplicationContext.refresh(AbstractApplicationContext.java:630)
	at org.springframework.boot.web.servlet.context.ServletWebServerApplicationContext.refresh(ServletWebServerApplicationContext.java:146)
	at org.springframework.boot.SpringApplication.refresh(SpringApplication.java:752)
	at org.springframework.boot.SpringApplication.refreshContext(SpringApplication.java:439)
	at org.springframework.boot.SpringApplication.run(SpringApplication.java:318)
	at org.springframework.boot.SpringApplication.run(SpringApplication.java:1361)
	at org.springframework.boot.SpringApplication.run(SpringApplication.java:1350)
	at com.desarrollox.learncompany.LearncompanyApplication.main(LearncompanyApplication.java:24)
	at java.base/jdk.internal.reflect.NativeMethodAccessorImpl.invoke0(Native Method)
	at java.base/jdk.internal.reflect.NativeMethodAccessorImpl.invoke(NativeMethodAccessorImpl.java:77)
	at java.base/jdk.internal.reflect.DelegatingMethodAccessorImpl.invoke(DelegatingMethodAccessorImpl.java:43)
	at java.base/java.lang.reflect.Method.invoke(Method.java:569)
	at org.springframework.boot.devtools.restart.RestartLauncher.run(RestartLauncher.java:50)
Caused by: org.springframework.boot.web.server.WebServerException: Unable to start embedded Tomcat server
	at org.springframework.boot.web.embedded.tomcat.TomcatWebServer.start(TomcatWebServer.java:251)
	at org.springframework.boot.web.servlet.context.WebServerStartStopLifecycle.start(WebServerStartStopLifecycle.java:44)
	at org.springframework.context.support.DefaultLifecycleProcessor.doStart(DefaultLifecycleProcessor.java:405)
	... 19 common frames omitted
Caused by: java.lang.IllegalArgumentException: standardService.connector.startFailed
	at org.apache.catalina.core.StandardService.addConnector(StandardService.java:222)
	at org.springframework.boot.web.embedded.tomcat.TomcatWebServer.addPreviouslyRemovedConnectors(TomcatWebServer.java:310)
	at org.springframework.boot.web.embedded.tomcat.TomcatWebServer.start(TomcatWebServer.java:236)
	... 21 common frames omitted
Caused by: org.apache.catalina.LifecycleException: Protocol handler start failed
	at org.apache.catalina.connector.Connector.startInternal(Connector.java:1106)
	at org.apache.catalina.util.LifecycleBase.start(LifecycleBase.java:164)
	at org.apache.catalina.core.StandardService.addConnector(StandardService.java:219)
	... 23 common frames omitted
Caused by: java.net.BindException: La dirección ya se está usando
	at java.base/sun.nio.ch.Net.bind0(Native Method)
	at java.base/sun.nio.ch.Net.bind(Net.java:555)
	at java.base/sun.nio.ch.ServerSocketChannelImpl.netBind(ServerSocketChannelImpl.java:337)
	at java.base/sun.nio.ch.ServerSocketChannelImpl.bind(ServerSocketChannelImpl.java:294)
	at org.apache.tomcat.util.net.NioEndpoint.initServerSocket(NioEndpoint.java:266)
	at org.apache.tomcat.util.net.NioEndpoint.bind(NioEndpoint.java:221)
	at org.apache.tomcat.util.net.AbstractEndpoint.bindWithCleanup(AbstractEndpoint.java:1399)
	at org.apache.tomcat.util.net.AbstractEndpoint.start(AbstractEndpoint.java:1482)
	at org.apache.coyote.AbstractProtocol.start(AbstractProtocol.java:644)
	at org.apache.catalina.connector.Connector.startInternal(Connector.java:1103)
	... 25 common frames omitted
2025-10-06 20:14:42 [restartedMain] ERROR o.s.boot.SpringApplication - Application run failed
org.springframework.context.ApplicationContextException: Failed to start bean 'webServerStartStop'
	at org.springframework.context.support.DefaultLifecycleProcessor.doStart(DefaultLifecycleProcessor.java:408)
	at org.springframework.context.support.DefaultLifecycleProcessor.doStart(DefaultLifecycleProcessor.java:394)
	at org.springframework.context.support.DefaultLifecycleProcessor$LifecycleGroup.start(DefaultLifecycleProcessor.java:586)
	at java.base/java.lang.Iterable.forEach(Iterable.java:75)
	at org.springframework.context.support.DefaultLifecycleProcessor.startBeans(DefaultLifecycleProcessor.java:364)
	at org.springframework.context.support.DefaultLifecycleProcessor.onRefresh(DefaultLifecycleProcessor.java:310)
	at org.springframework.context.support.AbstractApplicationContext.finishRefresh(AbstractApplicationContext.java:1006)
	at org.springframework.context.support.AbstractApplicationContext.refresh(AbstractApplicationContext.java:630)
	at org.springframework.boot.web.servlet.context.ServletWebServerApplicationContext.refresh(ServletWebServerApplicationContext.java:146)
	at org.springframework.boot.SpringApplication.refresh(SpringApplication.java:752)
	at org.springframework.boot.SpringApplication.refreshContext(SpringApplication.java:439)
	at org.springframework.boot.SpringApplication.run(SpringApplication.java:318)
	at org.springframework.boot.SpringApplication.run(SpringApplication.java:1361)
	at org.springframework.boot.SpringApplication.run(SpringApplication.java:1350)
	at com.desarrollox.learncompany.LearncompanyApplication.main(LearncompanyApplication.java:24)
	at java.base/jdk.internal.reflect.NativeMethodAccessorImpl.invoke0(Native Method)
	at java.base/jdk.internal.reflect.NativeMethodAccessorImpl.invoke(NativeMethodAccessorImpl.java:77)
	at java.base/jdk.internal.reflect.DelegatingMethodAccessorImpl.invoke(DelegatingMethodAccessorImpl.java:43)
	at java.base/java.lang.reflect.Method.invoke(Method.java:569)
	at org.springframework.boot.devtools.restart.RestartLauncher.run(RestartLauncher.java:50)
Caused by: org.springframework.boot.web.server.WebServerException: Unable to start embedded Tomcat server
	at org.springframework.boot.web.embedded.tomcat.TomcatWebServer.start(TomcatWebServer.java:251)
	at org.springframework.boot.web.servlet.context.WebServerStartStopLifecycle.start(WebServerStartStopLifecycle.java:44)
	at org.springframework.context.support.DefaultLifecycleProcessor.doStart(DefaultLifecycleProcessor.java:405)
	... 19 common frames omitted
Caused by: java.lang.IllegalArgumentException: standardService.connector.startFailed
	at org.apache.catalina.core.StandardService.addConnector(StandardService.java:222)
	at org.springframework.boot.web.embedded.tomcat.TomcatWebServer.addPreviouslyRemovedConnectors(TomcatWebServer.java:310)
	at org.springframework.boot.web.embedded.tomcat.TomcatWebServer.start(TomcatWebServer.java:236)
	... 21 common frames omitted
Caused by: org.apache.catalina.LifecycleException: Protocol handler start failed
	at org.apache.catalina.connector.Connector.startInternal(Connector.java:1106)
	at org.apache.catalina.util.LifecycleBase.start(LifecycleBase.java:164)
	at org.apache.catalina.core.StandardService.addConnector(StandardService.java:219)
	... 23 common frames omitted
Caused by: java.net.BindException: La dirección ya se está usando
	at java.base/sun.nio.ch.Net.bind0(Native Method)
	at java.base/sun.nio.ch.Net.bind(Net.java:555)
	at java.base/sun.nio.ch.ServerSocketChannelImpl.netBind(ServerSocketChannelImpl.java:337)
	at java.base/sun.nio.ch.ServerSocketChannelImpl.bind(ServerSocketChannelImpl.java:294)
	at org.apache.tomcat.util.net.NioEndpoint.initServerSocket(NioEndpoint.java:266)
	at org.apache.tomcat.util.net.NioEndpoint.bind(NioEndpoint.java:221)
	at org.apache.tomcat.util.net.AbstractEndpoint.bindWithCleanup(AbstractEndpoint.java:1399)
	at org.apache.tomcat.util.net.AbstractEndpoint.start(AbstractEndpoint.java:1482)
	at org.apache.coyote.AbstractProtocol.start(AbstractProtocol.java:644)
	at org.apache.catalina.connector.Connector.startInternal(Connector.java:1103)
	... 25 common frames omitted
2025-10-06 20:20:41 [http-nio-8080-exec-6] ERROR o.h.e.jdbc.spi.SqlExceptionHelper - (conn=213) Table 'learncompany.assessments_template' doesn't exist
2025-10-06 20:21:28 [http-nio-8080-exec-2] ERROR o.h.e.jdbc.spi.SqlExceptionHelper - (conn=225) Table 'learncompany.assessments_template' doesn't exist
2025-10-06 20:29:03 [http-nio-8080-exec-6] ERROR o.h.e.jdbc.spi.SqlExceptionHelper - (conn=1038) Table 'learncompany.assessments_template' doesn't exist
2025-10-06 20:33:58 [http-nio-8080-exec-2] ERROR o.h.e.jdbc.spi.SqlExceptionHelper - (conn=1048) Table 'learncompany.assessments_templates' doesn't exist
2025-10-07 23:01:49 [restartedMain] ERROR o.s.b.d.LoggingFailureAnalysisReporter - 

***************************
APPLICATION FAILED TO START
***************************

Description:

Parameter 0 of constructor in com.desarrollox.learncompany.web.controller.AssessmentsInstanceController required a bean of type 'com.desarrollox.learncompany.domain.service.IAssessmentInstanceService' that could not be found.


Action:

Consider defining a bean of type 'com.desarrollox.learncompany.domain.service.IAssessmentInstanceService' in your configuration.

2025-10-07 23:01:58 [restartedMain] ERROR o.s.boot.SpringApplication - Application run failed
org.springframework.context.ApplicationContextException: Failed to start bean 'webServerStartStop'
	at org.springframework.context.support.DefaultLifecycleProcessor.doStart(DefaultLifecycleProcessor.java:408)
	at org.springframework.context.support.DefaultLifecycleProcessor.doStart(DefaultLifecycleProcessor.java:394)
	at org.springframework.context.support.DefaultLifecycleProcessor$LifecycleGroup.start(DefaultLifecycleProcessor.java:586)
	at java.base/java.lang.Iterable.forEach(Iterable.java:75)
	at org.springframework.context.support.DefaultLifecycleProcessor.startBeans(DefaultLifecycleProcessor.java:364)
	at org.springframework.context.support.DefaultLifecycleProcessor.onRefresh(DefaultLifecycleProcessor.java:310)
	at org.springframework.context.support.AbstractApplicationContext.finishRefresh(AbstractApplicationContext.java:1006)
	at org.springframework.context.support.AbstractApplicationContext.refresh(AbstractApplicationContext.java:630)
	at org.springframework.boot.web.servlet.context.ServletWebServerApplicationContext.refresh(ServletWebServerApplicationContext.java:146)
	at org.springframework.boot.SpringApplication.refresh(SpringApplication.java:752)
	at org.springframework.boot.SpringApplication.refreshContext(SpringApplication.java:439)
	at org.springframework.boot.SpringApplication.run(SpringApplication.java:318)
	at org.springframework.boot.SpringApplication.run(SpringApplication.java:1361)
	at org.springframework.boot.SpringApplication.run(SpringApplication.java:1350)
	at com.desarrollox.learncompany.LearncompanyApplication.main(LearncompanyApplication.java:24)
	at java.base/jdk.internal.reflect.NativeMethodAccessorImpl.invoke0(Native Method)
	at java.base/jdk.internal.reflect.NativeMethodAccessorImpl.invoke(NativeMethodAccessorImpl.java:77)
	at java.base/jdk.internal.reflect.DelegatingMethodAccessorImpl.invoke(DelegatingMethodAccessorImpl.java:43)
	at java.base/java.lang.reflect.Method.invoke(Method.java:569)
	at org.springframework.boot.devtools.restart.RestartLauncher.run(RestartLauncher.java:50)
Caused by: org.springframework.boot.web.server.WebServerException: Unable to start embedded Tomcat server
	at org.springframework.boot.web.embedded.tomcat.TomcatWebServer.start(TomcatWebServer.java:251)
	at org.springframework.boot.web.servlet.context.WebServerStartStopLifecycle.start(WebServerStartStopLifecycle.java:44)
	at org.springframework.context.support.DefaultLifecycleProcessor.doStart(DefaultLifecycleProcessor.java:405)
	... 19 common frames omitted
Caused by: java.lang.IllegalArgumentException: standardService.connector.startFailed
	at org.apache.catalina.core.StandardService.addConnector(StandardService.java:222)
	at org.springframework.boot.web.embedded.tomcat.TomcatWebServer.addPreviouslyRemovedConnectors(TomcatWebServer.java:310)
	at org.springframework.boot.web.embedded.tomcat.TomcatWebServer.start(TomcatWebServer.java:236)
	... 21 common frames omitted
Caused by: org.apache.catalina.LifecycleException: Protocol handler start failed
	at org.apache.catalina.connector.Connector.startInternal(Connector.java:1106)
	at org.apache.catalina.util.LifecycleBase.start(LifecycleBase.java:164)
	at org.apache.catalina.core.StandardService.addConnector(StandardService.java:219)
	... 23 common frames omitted
Caused by: java.net.BindException: La dirección ya se está usando
	at java.base/sun.nio.ch.Net.bind0(Native Method)
	at java.base/sun.nio.ch.Net.bind(Net.java:555)
	at java.base/sun.nio.ch.ServerSocketChannelImpl.netBind(ServerSocketChannelImpl.java:337)
	at java.base/sun.nio.ch.ServerSocketChannelImpl.bind(ServerSocketChannelImpl.java:294)
	at org.apache.tomcat.util.net.NioEndpoint.initServerSocket(NioEndpoint.java:266)
	at org.apache.tomcat.util.net.NioEndpoint.bind(NioEndpoint.java:221)
	at org.apache.tomcat.util.net.AbstractEndpoint.bindWithCleanup(AbstractEndpoint.java:1399)
	at org.apache.tomcat.util.net.AbstractEndpoint.start(AbstractEndpoint.java:1482)
	at org.apache.coyote.AbstractProtocol.start(AbstractProtocol.java:644)
	at org.apache.catalina.connector.Connector.startInternal(Connector.java:1103)
	... 25 common frames omitted
2025-10-08 15:14:08 [restartedMain] ERROR o.h.e.jdbc.spi.SqlExceptionHelper - (conn=1304) Unknown database 'learncompany'
2025-10-08 15:14:49 [http-nio-8080-exec-2] ERROR o.h.e.jdbc.spi.SqlExceptionHelper - (conn=1305) Unknown database 'learncompany'
2025-10-08 15:53:32 [http-nio-8080-exec-1] ERROR o.h.e.jdbc.spi.SqlExceptionHelper - (conn=1374) Column 'message' cannot be null
2025-10-08 16:15:22 [http-nio-8080-exec-2] ERROR o.h.e.jdbc.spi.SqlExceptionHelper - (conn=1394) Column 'message' cannot be null
2025-10-08 16:18:09 [http-nio-8080-exec-1] ERROR o.h.e.jdbc.spi.SqlExceptionHelper - (conn=1406) Data truncated for column 'type' at row 1
2025-10-08 16:27:46 [http-nio-8080-exec-3] ERROR o.h.e.jdbc.spi.SqlExceptionHelper - (conn=1416) Unknown column 'message_evaluation' in 'INSERT INTO'
2025-10-08 16:33:34 [http-nio-8080-exec-4] ERROR o.h.e.jdbc.spi.SqlExceptionHelper - (conn=1448) Data truncated for column 'type_evaluation' at row 1
2025-10-08 16:44:28 [http-nio-8080-exec-1] ERROR o.h.e.jdbc.spi.SqlExceptionHelper - (conn=1458) Data truncated for column 'type_evaluation' at row 1
2025-10-08 16:49:26 [http-nio-8080-exec-2] ERROR o.h.e.jdbc.spi.SqlExceptionHelper - (conn=1468) Unknown column 'message_notification' in 'INSERT INTO'
2025-10-08 23:53:53 [http-nio-8080-exec-4] ERROR o.h.e.jdbc.spi.SqlExceptionHelper - (conn=1509) Column 'employee_id' cannot be null
