2025-10-09 00:07:31 [restartedMain] INFO  c.d.l.LearncompanyApplication - Starting LearncompanyApplication using Java 17.0.16 with PID 727496 (/home/payan/Escritorio/Apps-empresariales/learn-company/build/classes/java/main started by payan in /home/payan/Escritorio/Apps-empresariales/learn-company)
2025-10-09 00:07:31 [restartedMain] INFO  c.d.l.LearncompanyApplication - The following 1 profile is active: "debug"
2025-10-09 00:07:35 [restartedMain] WARN  org.hibernate.orm.deprecation - HHH90000025: MariaDBDialect does not need to be specified explicitly using 'hibernate.dialect' (remove the property setting and it will be selected by default)
2025-10-09 00:07:39 [restartedMain] WARN  o.s.b.a.o.j.JpaBaseConfiguration$JpaWebConfiguration - spring.jpa.open-in-view is enabled by default. Therefore, database queries may be performed during view rendering. Explicitly configure spring.jpa.open-in-view to disable this warning
2025-10-09 00:07:39 [restartedMain] WARN  o.s.b.a.s.s.UserDetailsServiceAutoConfiguration - 

Using generated security password: c2488d4a-8939-47ae-a0ef-9b36b519bd39

This generated password is for development use only. Your security configuration must be updated before running your application in production.

2025-10-09 00:07:40 [restartedMain] INFO  c.d.l.LearncompanyApplication - Started LearncompanyApplication in 10.024 seconds (process running for 10.687)
2025-10-09 00:07:45 [http-nio-8080-exec-2] WARN  o.s.w.s.m.m.a.ExceptionHandlerExceptionResolver - Resolved [com.desarrollox.learncompany.domain.exception.CourseNotFoundException: Curso con id: 5 no encontrado]
2025-10-09 00:07:55 [http-nio-8080-exec-3] WARN  o.s.w.s.m.m.a.ExceptionHandlerExceptionResolver - Resolved [com.desarrollox.learncompany.domain.exception.CourseNotFoundException: Curso con id: 1 no encontrado]
2025-10-09 00:08:07 [http-nio-8080-exec-4] WARN  o.s.w.s.m.m.a.ExceptionHandlerExceptionResolver - Resolved [com.desarrollox.learncompany.domain.exception.SeasonNotFoundException: la temporada con id: 1 no fue encontrada]
2025-10-09 00:08:23 [http-nio-8080-exec-6] WARN  o.s.w.s.m.m.a.ExceptionHandlerExceptionResolver - Resolved [com.desarrollox.learncompany.domain.exception.UserNotFoundException: Usuario con id: 2 no encontrado]
2025-10-09 00:08:57 [http-nio-8080-exec-9] WARN  o.m.jdbc.message.server.ErrorPacket - Error: 1048-23000: Column 'employee_id' cannot be null
2025-10-09 00:08:57 [http-nio-8080-exec-9] WARN  o.h.e.jdbc.spi.SqlExceptionHelper - SQL Error: 1048, SQLState: 23000
2025-10-09 00:08:57 [http-nio-8080-exec-9] ERROR o.h.e.jdbc.spi.SqlExceptionHelper - (conn=1519) Column 'employee_id' cannot be null
2025-10-09 00:08:57 [http-nio-8080-exec-9] WARN  o.s.w.s.m.m.a.ExceptionHandlerExceptionResolver - Resolved [org.springframework.dao.DataIntegrityViolationException: could not execute statement [(conn=1519) Column 'employee_id' cannot be null] [insert into certificates (course_id,date_issued,employee_id) values (?,?,?)]; SQL [insert into certificates (course_id,date_issued,employee_id) values (?,?,?)]; constraint [null]]
2025-10-09 00:13:48 [restartedMain] INFO  c.d.l.LearncompanyApplication - Starting LearncompanyApplication using Java 17.0.16 with PID 730957 (/home/payan/Escritorio/Apps-empresariales/learn-company/build/classes/java/main started by payan in /home/payan/Escritorio/Apps-empresariales/learn-company)
2025-10-09 00:13:48 [restartedMain] INFO  c.d.l.LearncompanyApplication - The following 1 profile is active: "debug"
2025-10-09 00:13:52 [restartedMain] WARN  org.hibernate.orm.deprecation - HHH90000025: MariaDBDialect does not need to be specified explicitly using 'hibernate.dialect' (remove the property setting and it will be selected by default)
2025-10-09 00:13:57 [restartedMain] WARN  o.s.b.a.o.j.JpaBaseConfiguration$JpaWebConfiguration - spring.jpa.open-in-view is enabled by default. Therefore, database queries may be performed during view rendering. Explicitly configure spring.jpa.open-in-view to disable this warning
2025-10-09 00:13:57 [restartedMain] WARN  o.s.b.a.s.s.UserDetailsServiceAutoConfiguration - 

Using generated security password: 7ba598d4-18c6-4c2f-8b0e-ae8104db1ae9

This generated password is for development use only. Your security configuration must be updated before running your application in production.

2025-10-09 00:13:58 [restartedMain] INFO  c.d.l.LearncompanyApplication - Started LearncompanyApplication in 10.67 seconds (process running for 11.444)
2025-10-09 00:14:01 [http-nio-8080-exec-2] WARN  o.m.jdbc.message.server.ErrorPacket - Error: 1048-23000: Column 'employee_id' cannot be null
2025-10-09 00:14:01 [http-nio-8080-exec-2] WARN  o.h.e.jdbc.spi.SqlExceptionHelper - SQL Error: 1048, SQLState: 23000
2025-10-09 00:14:01 [http-nio-8080-exec-2] ERROR o.h.e.jdbc.spi.SqlExceptionHelper - (conn=1529) Column 'employee_id' cannot be null
2025-10-09 00:14:01 [http-nio-8080-exec-2] WARN  o.s.w.s.m.m.a.ExceptionHandlerExceptionResolver - Resolved [org.springframework.dao.DataIntegrityViolationException: could not execute statement [(conn=1529) Column 'employee_id' cannot be null] [insert into certificates (course_id,date_issued,employee_id) values (?,?,?)]; SQL [insert into certificates (course_id,date_issued,employee_id) values (?,?,?)]; constraint [null]]
2025-10-09 00:28:38 [restartedMain] INFO  c.d.l.LearncompanyApplication - Starting LearncompanyApplication using Java 17.0.16 with PID 740725 (/home/payan/Escritorio/Apps-empresariales/learn-company/build/classes/java/main started by payan in /home/payan/Escritorio/Apps-empresariales/learn-company)
2025-10-09 00:28:38 [restartedMain] INFO  c.d.l.LearncompanyApplication - The following 1 profile is active: "debug"
2025-10-09 00:28:49 [restartedMain] WARN  org.hibernate.orm.deprecation - HHH90000025: MariaDBDialect does not need to be specified explicitly using 'hibernate.dialect' (remove the property setting and it will be selected by default)
2025-10-09 00:28:59 [restartedMain] WARN  o.s.b.a.o.j.JpaBaseConfiguration$JpaWebConfiguration - spring.jpa.open-in-view is enabled by default. Therefore, database queries may be performed during view rendering. Explicitly configure spring.jpa.open-in-view to disable this warning
2025-10-09 00:28:59 [restartedMain] WARN  o.s.b.a.s.s.UserDetailsServiceAutoConfiguration - 

Using generated security password: 5bc64707-ecb1-4c48-a3da-14ef14662899

This generated password is for development use only. Your security configuration must be updated before running your application in production.

2025-10-09 00:29:01 [restartedMain] INFO  c.d.l.LearncompanyApplication - Started LearncompanyApplication in 25.905 seconds (process running for 29.05)
2025-10-09 00:30:29 [http-nio-8080-exec-2] WARN  o.m.jdbc.message.server.ErrorPacket - Error: 1048-23000: Column 'employee_id' cannot be null
2025-10-09 00:30:29 [http-nio-8080-exec-2] WARN  o.h.e.jdbc.spi.SqlExceptionHelper - SQL Error: 1048, SQLState: 23000
2025-10-09 00:30:29 [http-nio-8080-exec-2] ERROR o.h.e.jdbc.spi.SqlExceptionHelper - (conn=1539) Column 'employee_id' cannot be null
2025-10-09 00:30:29 [http-nio-8080-exec-2] WARN  o.s.w.s.m.m.a.ExceptionHandlerExceptionResolver - Resolved [org.springframework.dao.DataIntegrityViolationException: could not execute statement [(conn=1539) Column 'employee_id' cannot be null] [insert into certificates (course_id,date_issued,employee_id) values (?,?,?)]; SQL [insert into certificates (course_id,date_issued,employee_id) values (?,?,?)]; constraint [null]]
2025-10-09 00:44:04 [restartedMain] INFO  c.d.l.LearncompanyApplication - Starting LearncompanyApplication using Java 17.0.16 with PID 747901 (/home/payan/Escritorio/Apps-empresariales/learn-company/build/classes/java/main started by payan in /home/payan/Escritorio/Apps-empresariales/learn-company)
2025-10-09 00:44:04 [restartedMain] INFO  c.d.l.LearncompanyApplication - The following 1 profile is active: "debug"
2025-10-09 00:44:08 [restartedMain] WARN  org.hibernate.orm.deprecation - HHH90000025: MariaDBDialect does not need to be specified explicitly using 'hibernate.dialect' (remove the property setting and it will be selected by default)
2025-10-09 00:44:12 [restartedMain] WARN  o.s.b.a.o.j.JpaBaseConfiguration$JpaWebConfiguration - spring.jpa.open-in-view is enabled by default. Therefore, database queries may be performed during view rendering. Explicitly configure spring.jpa.open-in-view to disable this warning
2025-10-09 00:44:12 [restartedMain] WARN  o.s.b.a.s.s.UserDetailsServiceAutoConfiguration - 

Using generated security password: 7dc398d6-388d-4d10-9072-d1442aa1a038

This generated password is for development use only. Your security configuration must be updated before running your application in production.

2025-10-09 00:44:13 [restartedMain] INFO  c.d.l.LearncompanyApplication - Started LearncompanyApplication in 10.317 seconds (process running for 10.95)
2025-10-09 00:44:21 [http-nio-8080-exec-1] WARN  o.m.jdbc.message.server.ErrorPacket - Error: 1048-23000: Column 'employee_id' cannot be null
2025-10-09 00:44:21 [http-nio-8080-exec-1] WARN  o.h.e.jdbc.spi.SqlExceptionHelper - SQL Error: 1048, SQLState: 23000
2025-10-09 00:44:21 [http-nio-8080-exec-1] ERROR o.h.e.jdbc.spi.SqlExceptionHelper - (conn=1551) Column 'employee_id' cannot be null
2025-10-09 00:44:21 [http-nio-8080-exec-1] WARN  o.s.w.s.m.m.a.ExceptionHandlerExceptionResolver - Resolved [org.springframework.dao.DataIntegrityViolationException: could not execute statement [(conn=1551) Column 'employee_id' cannot be null] [insert into certificates (course_id,date_issued,employee_id) values (?,?,?)]; SQL [insert into certificates (course_id,date_issued,employee_id) values (?,?,?)]; constraint [null]]
2025-10-09 00:49:22 [restartedMain] INFO  c.d.l.LearncompanyApplication - Starting LearncompanyApplication using Java 17.0.16 with PID 751482 (/home/payan/Escritorio/Apps-empresariales/learn-company/build/classes/java/main started by payan in /home/payan/Escritorio/Apps-empresariales/learn-company)
2025-10-09 00:49:22 [restartedMain] INFO  c.d.l.LearncompanyApplication - The following 1 profile is active: "debug"
2025-10-09 00:49:25 [restartedMain] WARN  org.hibernate.orm.deprecation - HHH90000025: MariaDBDialect does not need to be specified explicitly using 'hibernate.dialect' (remove the property setting and it will be selected by default)
2025-10-09 00:49:29 [restartedMain] WARN  o.s.b.a.o.j.JpaBaseConfiguration$JpaWebConfiguration - spring.jpa.open-in-view is enabled by default. Therefore, database queries may be performed during view rendering. Explicitly configure spring.jpa.open-in-view to disable this warning
2025-10-09 00:49:29 [restartedMain] WARN  o.s.b.a.s.s.UserDetailsServiceAutoConfiguration - 

Using generated security password: c6f315df-e0e6-4e3e-b95b-c49fd4e6a41f

This generated password is for development use only. Your security configuration must be updated before running your application in production.

2025-10-09 00:49:30 [restartedMain] INFO  c.d.l.LearncompanyApplication - Started LearncompanyApplication in 9.517 seconds (process running for 10.319)
2025-10-09 00:49:42 [http-nio-8080-exec-1] WARN  o.m.jdbc.message.server.ErrorPacket - Error: 1048-23000: Column 'employee_id' cannot be null
2025-10-09 00:49:42 [http-nio-8080-exec-1] WARN  o.h.e.jdbc.spi.SqlExceptionHelper - SQL Error: 1048, SQLState: 23000
2025-10-09 00:49:42 [http-nio-8080-exec-1] ERROR o.h.e.jdbc.spi.SqlExceptionHelper - (conn=1561) Column 'employee_id' cannot be null
2025-10-09 00:49:42 [http-nio-8080-exec-1] WARN  o.s.w.s.m.m.a.ExceptionHandlerExceptionResolver - Resolved [org.springframework.dao.DataIntegrityViolationException: could not execute statement [(conn=1561) Column 'employee_id' cannot be null] [insert into certificates (course_id,date_issued,employee_id) values (?,?,?)]; SQL [insert into certificates (course_id,date_issued,employee_id) values (?,?,?)]; constraint [null]]
2025-10-09 01:00:32 [restartedMain] INFO  c.d.l.LearncompanyApplication - Starting LearncompanyApplication using Java 17.0.16 with PID 757960 (/home/payan/Escritorio/Apps-empresariales/learn-company/build/classes/java/main started by payan in /home/payan/Escritorio/Apps-empresariales/learn-company)
2025-10-09 01:00:32 [restartedMain] INFO  c.d.l.LearncompanyApplication - The following 1 profile is active: "debug"
2025-10-09 01:00:37 [restartedMain] WARN  org.hibernate.orm.deprecation - HHH90000025: MariaDBDialect does not need to be specified explicitly using 'hibernate.dialect' (remove the property setting and it will be selected by default)
2025-10-09 01:00:41 [restartedMain] WARN  o.s.b.a.o.j.JpaBaseConfiguration$JpaWebConfiguration - spring.jpa.open-in-view is enabled by default. Therefore, database queries may be performed during view rendering. Explicitly configure spring.jpa.open-in-view to disable this warning
2025-10-09 01:00:41 [restartedMain] WARN  o.s.b.a.s.s.UserDetailsServiceAutoConfiguration - 

Using generated security password: 133a338c-bf70-431b-a2b8-3da3f772444e

This generated password is for development use only. Your security configuration must be updated before running your application in production.

2025-10-09 01:00:42 [restartedMain] INFO  c.d.l.LearncompanyApplication - Started LearncompanyApplication in 10.416 seconds (process running for 11.235)
2025-10-09 01:27:54 [restartedMain] INFO  c.d.l.LearncompanyApplication - Starting LearncompanyApplication using Java 17.0.16 with PID 768702 (/home/payan/Escritorio/Apps-empresariales/learn-company/build/classes/java/main started by payan in /home/payan/Escritorio/Apps-empresariales/learn-company)
2025-10-09 01:27:54 [restartedMain] INFO  c.d.l.LearncompanyApplication - The following 1 profile is active: "debug"
2025-10-09 01:27:58 [restartedMain] WARN  org.hibernate.orm.deprecation - HHH90000025: MariaDBDialect does not need to be specified explicitly using 'hibernate.dialect' (remove the property setting and it will be selected by default)
2025-10-09 01:28:02 [restartedMain] WARN  o.s.b.a.o.j.JpaBaseConfiguration$JpaWebConfiguration - spring.jpa.open-in-view is enabled by default. Therefore, database queries may be performed during view rendering. Explicitly configure spring.jpa.open-in-view to disable this warning
2025-10-09 01:28:02 [restartedMain] WARN  o.s.b.a.s.s.UserDetailsServiceAutoConfiguration - 

Using generated security password: 8670ccd8-c1ec-4844-b2b6-a552fa68180f

This generated password is for development use only. Your security configuration must be updated before running your application in production.

2025-10-09 01:28:03 [restartedMain] INFO  c.d.l.LearncompanyApplication - Started LearncompanyApplication in 9.954 seconds (process running for 10.541)
2025-10-09 01:28:53 [http-nio-8080-exec-6] WARN  o.s.w.s.m.m.a.ExceptionHandlerExceptionResolver - Resolved [com.desarrollox.learncompany.domain.exception.CertificateNotFoundException: Certificado con id: 11 no encontrado]
2025-10-09 01:45:52 [restartedMain] INFO  c.d.l.LearncompanyApplication - Starting LearncompanyApplication using Java 17.0.16 with PID 775789 (/home/payan/Escritorio/Apps-empresariales/learn-company/build/classes/java/main started by payan in /home/payan/Escritorio/Apps-empresariales/learn-company)
2025-10-09 01:45:52 [restartedMain] INFO  c.d.l.LearncompanyApplication - The following 1 profile is active: "debug"
2025-10-09 01:45:56 [restartedMain] WARN  org.hibernate.orm.deprecation - HHH90000025: MariaDBDialect does not need to be specified explicitly using 'hibernate.dialect' (remove the property setting and it will be selected by default)
2025-10-09 01:46:00 [restartedMain] WARN  o.s.b.a.o.j.JpaBaseConfiguration$JpaWebConfiguration - spring.jpa.open-in-view is enabled by default. Therefore, database queries may be performed during view rendering. Explicitly configure spring.jpa.open-in-view to disable this warning
2025-10-09 01:46:00 [restartedMain] WARN  o.s.b.a.s.s.UserDetailsServiceAutoConfiguration - 

Using generated security password: b328a395-8173-4c37-891c-5d33f4d14a46

This generated password is for development use only. Your security configuration must be updated before running your application in production.

2025-10-09 01:46:01 [restartedMain] INFO  c.d.l.LearncompanyApplication - Started LearncompanyApplication in 10.946 seconds (process running for 11.733)
2025-10-09 01:46:09 [http-nio-8080-exec-2] WARN  o.s.w.s.m.m.a.ExceptionHandlerExceptionResolver - Resolved [org.springframework.web.bind.MethodArgumentNotValidException: Validation failed for argument [0] in public org.springframework.http.ResponseEntity<com.desarrollox.learncompany.core.web.dto.ApiResponse<com.desarrollox.learncompany.web.dto.BadgeResponse>> com.desarrollox.learncompany.web.controller.BadgesController.createBadge(com.desarrollox.learncompany.web.dto.BadgeRequest): [Field error in object 'badgeRequest' on field 'urlIcon': rejected value [null]; codes [NotBlank.badgeRequest.urlIcon,NotBlank.urlIcon,NotBlank.java.lang.String,NotBlank]; arguments [org.springframework.context.support.DefaultMessageSourceResolvable: codes [badgeRequest.urlIcon,urlIcon]; arguments []; default message [urlIcon]]; default message [La URL del ícono es obligatoria]] ]
2025-10-09 01:55:42 [restartedMain] INFO  c.d.l.LearncompanyApplication - Starting LearncompanyApplication using Java 17.0.16 with PID 781324 (/home/payan/Escritorio/Apps-empresariales/learn-company/build/classes/java/main started by payan in /home/payan/Escritorio/Apps-empresariales/learn-company)
2025-10-09 01:55:42 [restartedMain] INFO  c.d.l.LearncompanyApplication - The following 1 profile is active: "debug"
2025-10-09 01:55:47 [restartedMain] WARN  org.hibernate.orm.deprecation - HHH90000025: MariaDBDialect does not need to be specified explicitly using 'hibernate.dialect' (remove the property setting and it will be selected by default)
2025-10-09 01:55:51 [restartedMain] WARN  o.s.b.a.o.j.JpaBaseConfiguration$JpaWebConfiguration - spring.jpa.open-in-view is enabled by default. Therefore, database queries may be performed during view rendering. Explicitly configure spring.jpa.open-in-view to disable this warning
2025-10-09 01:55:51 [restartedMain] WARN  o.s.b.a.s.s.UserDetailsServiceAutoConfiguration - 

Using generated security password: daeabf35-0cf9-40c9-b85b-d3e9cfbb36d5

This generated password is for development use only. Your security configuration must be updated before running your application in production.

2025-10-09 01:55:52 [restartedMain] INFO  c.d.l.LearncompanyApplication - Started LearncompanyApplication in 11.032 seconds (process running for 12.041)
2025-10-09 01:56:03 [http-nio-8080-exec-2] WARN  o.s.w.s.m.m.a.ExceptionHandlerExceptionResolver - Resolved [com.desarrollox.learncompany.domain.exception.BadgeAlreadyRegisteredException: Ya existe un badge con este nombre: maestro]
2025-10-09 01:56:12 [http-nio-8080-exec-3] WARN  o.s.w.s.m.m.a.ExceptionHandlerExceptionResolver - Resolved [java.util.NoSuchElementException: No value present]
2025-10-09 01:57:17 [http-nio-8080-exec-6] WARN  o.s.w.s.m.m.a.ExceptionHandlerExceptionResolver - Resolved [java.util.NoSuchElementException: No value present]
2025-10-09 01:59:00 [restartedMain] INFO  c.d.l.LearncompanyApplication - Starting LearncompanyApplication using Java 17.0.16 with PID 783434 (/home/payan/Escritorio/Apps-empresariales/learn-company/build/classes/java/main started by payan in /home/payan/Escritorio/Apps-empresariales/learn-company)
2025-10-09 01:59:00 [restartedMain] INFO  c.d.l.LearncompanyApplication - The following 1 profile is active: "dev"
2025-10-09 01:59:04 [restartedMain] WARN  org.hibernate.orm.deprecation - HHH90000025: MariaDBDialect does not need to be specified explicitly using 'hibernate.dialect' (remove the property setting and it will be selected by default)
2025-10-09 01:59:08 [restartedMain] WARN  o.s.b.a.o.j.JpaBaseConfiguration$JpaWebConfiguration - spring.jpa.open-in-view is enabled by default. Therefore, database queries may be performed during view rendering. Explicitly configure spring.jpa.open-in-view to disable this warning
2025-10-09 01:59:08 [restartedMain] WARN  o.s.b.a.s.s.UserDetailsServiceAutoConfiguration - 

Using generated security password: 65b98c9a-3a07-4740-8b18-7625be0164fb

This generated password is for development use only. Your security configuration must be updated before running your application in production.

2025-10-09 01:59:09 [restartedMain] INFO  c.d.l.LearncompanyApplication - Started LearncompanyApplication in 9.822 seconds (process running for 10.42)
2025-10-09 01:59:15 [http-nio-8080-exec-4] WARN  o.s.w.s.m.m.a.ExceptionHandlerExceptionResolver - Resolved [com.desarrollox.learncompany.domain.exception.BadgeNotFoundException: No existe badge con nombre: maestro2]
2025-10-09 01:59:38 [http-nio-8080-exec-3] WARN  o.s.w.s.m.m.a.ExceptionHandlerExceptionResolver - Resolved [com.desarrollox.learncompany.domain.exception.BadgeNotFoundException: Badge con id: 11 no encontrado]
2025-10-09 11:28:14 [restartedMain] INFO  c.d.l.LearncompanyApplication - Starting LearncompanyApplication using Java 17.0.16 with PID 7845 (/home/sebastian/Documentos/learn-company/build/classes/java/main started by sebastian in /home/sebastian/Documentos/learn-company)
2025-10-09 11:28:14 [restartedMain] INFO  c.d.l.LearncompanyApplication - The following 1 profile is active: "dev"
2025-10-09 11:28:16 [restartedMain] WARN  org.hibernate.orm.deprecation - HHH90000025: MariaDBDialect does not need to be specified explicitly using 'hibernate.dialect' (remove the property setting and it will be selected by default)
2025-10-09 11:28:18 [restartedMain] WARN  o.s.b.a.o.j.JpaBaseConfiguration$JpaWebConfiguration - spring.jpa.open-in-view is enabled by default. Therefore, database queries may be performed during view rendering. Explicitly configure spring.jpa.open-in-view to disable this warning
2025-10-09 11:28:18 [restartedMain] WARN  o.s.b.a.s.s.UserDetailsServiceAutoConfiguration - 

Using generated security password: 3c975169-2cd4-43c1-a2f6-7eb3cf0ddfa4

This generated password is for development use only. Your security configuration must be updated before running your application in production.

2025-10-09 11:28:18 [restartedMain] INFO  c.d.l.LearncompanyApplication - Started LearncompanyApplication in 4.697 seconds (process running for 5.077)
2025-10-09 12:16:24 [http-nio-8080-exec-2] WARN  o.s.w.s.m.m.a.ExceptionHandlerExceptionResolver - Resolved [java.lang.IllegalArgumentException]
2025-10-09 12:16:51 [http-nio-8080-exec-4] WARN  o.s.w.s.m.m.a.ExceptionHandlerExceptionResolver - Failure in @ExceptionHandler com.desarrollox.learncompany.core.handler.GlobalExceptionHandler#handleForbidden(DepartmentIncorrectException)
java.lang.IllegalStateException: Could not resolve parameter [0] in public org.springframework.http.ResponseEntity<java.util.Map<java.lang.String, java.lang.Object>> com.desarrollox.learncompany.core.handler.GlobalExceptionHandler.handleForbidden(com.desarrollox.learncompany.domain.exception.DepartmentIncorrectException): No suitable resolver
	at org.springframework.web.method.support.InvocableHandlerMethod.getMethodArgumentValues(InvocableHandlerMethod.java:224)
	at org.springframework.web.method.support.InvocableHandlerMethod.invokeForRequest(InvocableHandlerMethod.java:181)
	at org.springframework.web.servlet.mvc.method.annotation.ServletInvocableHandlerMethod.invokeAndHandle(ServletInvocableHandlerMethod.java:118)
	at org.springframework.web.servlet.mvc.method.annotation.ExceptionHandlerExceptionResolver.doResolveHandlerMethodException(ExceptionHandlerExceptionResolver.java:471)
	at org.springframework.web.servlet.handler.AbstractHandlerMethodExceptionResolver.doResolveException(AbstractHandlerMethodExceptionResolver.java:73)
	at org.springframework.web.servlet.handler.AbstractHandlerExceptionResolver.resolveException(AbstractHandlerExceptionResolver.java:182)
	at org.springframework.web.servlet.handler.HandlerExceptionResolverComposite.resolveException(HandlerExceptionResolverComposite.java:80)
	at org.springframework.web.servlet.DispatcherServlet.processHandlerException(DispatcherServlet.java:1360)
	at org.springframework.web.servlet.DispatcherServlet.processDispatchResult(DispatcherServlet.java:1161)
	at org.springframework.web.servlet.DispatcherServlet.doDispatch(DispatcherServlet.java:1106)
	at org.springframework.web.servlet.DispatcherServlet.doService(DispatcherServlet.java:979)
	at org.springframework.web.servlet.FrameworkServlet.processRequest(FrameworkServlet.java:1014)
	at org.springframework.web.servlet.FrameworkServlet.doPost(FrameworkServlet.java:914)
	at jakarta.servlet.http.HttpServlet.service(HttpServlet.java:590)
	at org.springframework.web.servlet.FrameworkServlet.service(FrameworkServlet.java:885)
	at jakarta.servlet.http.HttpServlet.service(HttpServlet.java:658)
	at org.apache.catalina.core.ApplicationFilterChain.internalDoFilter(ApplicationFilterChain.java:195)
	at org.apache.catalina.core.ApplicationFilterChain.doFilter(ApplicationFilterChain.java:140)
	at org.apache.tomcat.websocket.server.WsFilter.doFilter(WsFilter.java:51)
	at org.apache.catalina.core.ApplicationFilterChain.internalDoFilter(ApplicationFilterChain.java:164)
	at org.apache.catalina.core.ApplicationFilterChain.doFilter(ApplicationFilterChain.java:140)
	at org.springframework.web.filter.CompositeFilter$VirtualFilterChain.doFilter(CompositeFilter.java:108)
	at org.springframework.web.filter.CompositeFilter$VirtualFilterChain.doFilter(CompositeFilter.java:108)
	at org.springframework.security.web.FilterChainProxy.lambda$doFilterInternal$3(FilterChainProxy.java:231)
	at org.springframework.security.web.FilterChainProxy$VirtualFilterChain.doFilter(FilterChainProxy.java:365)
	at org.springframework.security.web.access.intercept.AuthorizationFilter.doFilter(AuthorizationFilter.java:101)
	at org.springframework.security.web.FilterChainProxy$VirtualFilterChain.doFilter(FilterChainProxy.java:374)
	at org.springframework.security.web.access.ExceptionTranslationFilter.doFilter(ExceptionTranslationFilter.java:125)
	at org.springframework.security.web.access.ExceptionTranslationFilter.doFilter(ExceptionTranslationFilter.java:119)
	at org.springframework.security.web.FilterChainProxy$VirtualFilterChain.doFilter(FilterChainProxy.java:374)
	at org.springframework.security.web.authentication.AnonymousAuthenticationFilter.doFilter(AnonymousAuthenticationFilter.java:100)
	at org.springframework.security.web.FilterChainProxy$VirtualFilterChain.doFilter(FilterChainProxy.java:374)
	at org.springframework.security.web.servletapi.SecurityContextHolderAwareRequestFilter.doFilter(SecurityContextHolderAwareRequestFilter.java:179)
	at org.springframework.security.web.FilterChainProxy$VirtualFilterChain.doFilter(FilterChainProxy.java:374)
	at org.springframework.security.web.savedrequest.RequestCacheAwareFilter.doFilter(RequestCacheAwareFilter.java:63)
	at org.springframework.security.web.FilterChainProxy$VirtualFilterChain.doFilter(FilterChainProxy.java:374)
	at org.springframework.security.web.authentication.logout.LogoutFilter.doFilter(LogoutFilter.java:107)
	at org.springframework.security.web.authentication.logout.LogoutFilter.doFilter(LogoutFilter.java:93)
	at org.springframework.security.web.FilterChainProxy$VirtualFilterChain.doFilter(FilterChainProxy.java:374)
	at org.springframework.security.web.header.HeaderWriterFilter.doHeadersAfter(HeaderWriterFilter.java:90)
	at org.springframework.security.web.header.HeaderWriterFilter.doFilterInternal(HeaderWriterFilter.java:75)
	at org.springframework.web.filter.OncePerRequestFilter.doFilter(OncePerRequestFilter.java:116)
	at org.springframework.security.web.FilterChainProxy$VirtualFilterChain.doFilter(FilterChainProxy.java:374)
	at org.springframework.security.web.context.SecurityContextHolderFilter.doFilter(SecurityContextHolderFilter.java:82)
	at org.springframework.security.web.context.SecurityContextHolderFilter.doFilter(SecurityContextHolderFilter.java:69)
	at org.springframework.security.web.FilterChainProxy$VirtualFilterChain.doFilter(FilterChainProxy.java:374)
	at org.springframework.security.web.context.request.async.WebAsyncManagerIntegrationFilter.doFilterInternal(WebAsyncManagerIntegrationFilter.java:62)
	at org.springframework.web.filter.OncePerRequestFilter.doFilter(OncePerRequestFilter.java:116)
	at org.springframework.security.web.FilterChainProxy$VirtualFilterChain.doFilter(FilterChainProxy.java:374)
	at org.springframework.security.web.session.DisableEncodeUrlFilter.doFilterInternal(DisableEncodeUrlFilter.java:42)
	at org.springframework.web.filter.OncePerRequestFilter.doFilter(OncePerRequestFilter.java:116)
	at org.springframework.security.web.FilterChainProxy$VirtualFilterChain.doFilter(FilterChainProxy.java:374)
	at org.springframework.security.web.FilterChainProxy.doFilterInternal(FilterChainProxy.java:233)
	at org.springframework.security.web.FilterChainProxy.doFilter(FilterChainProxy.java:191)
	at org.springframework.web.filter.CompositeFilter$VirtualFilterChain.doFilter(CompositeFilter.java:113)
	at org.springframework.web.filter.ServletRequestPathFilter.doFilter(ServletRequestPathFilter.java:52)
	at org.springframework.web.filter.CompositeFilter$VirtualFilterChain.doFilter(CompositeFilter.java:113)
	at org.springframework.web.filter.CompositeFilter.doFilter(CompositeFilter.java:74)
	at org.springframework.security.config.annotation.web.configuration.WebSecurityConfiguration$CompositeFilterChainProxy.doFilter(WebSecurityConfiguration.java:319)
	at org.springframework.web.filter.CompositeFilter$VirtualFilterChain.doFilter(CompositeFilter.java:113)
	at org.springframework.web.servlet.handler.HandlerMappingIntrospector.lambda$createCacheFilter$4(HandlerMappingIntrospector.java:267)
	at org.springframework.web.filter.CompositeFilter$VirtualFilterChain.doFilter(CompositeFilter.java:113)
	at org.springframework.web.filter.CompositeFilter.doFilter(CompositeFilter.java:74)
	at org.springframework.security.config.annotation.web.configuration.WebMvcSecurityConfiguration$CompositeFilterChainProxy.doFilter(WebMvcSecurityConfiguration.java:240)
	at org.springframework.web.filter.DelegatingFilterProxy.invokeDelegate(DelegatingFilterProxy.java:362)
	at org.springframework.web.filter.DelegatingFilterProxy.doFilter(DelegatingFilterProxy.java:278)
	at org.apache.catalina.core.ApplicationFilterChain.internalDoFilter(ApplicationFilterChain.java:164)
	at org.apache.catalina.core.ApplicationFilterChain.doFilter(ApplicationFilterChain.java:140)
	at org.springframework.web.filter.RequestContextFilter.doFilterInternal(RequestContextFilter.java:100)
	at org.springframework.web.filter.OncePerRequestFilter.doFilter(OncePerRequestFilter.java:116)
	at org.apache.catalina.core.ApplicationFilterChain.internalDoFilter(ApplicationFilterChain.java:164)
	at org.apache.catalina.core.ApplicationFilterChain.doFilter(ApplicationFilterChain.java:140)
	at org.springframework.web.filter.FormContentFilter.doFilterInternal(FormContentFilter.java:93)
	at org.springframework.web.filter.OncePerRequestFilter.doFilter(OncePerRequestFilter.java:116)
	at org.apache.catalina.core.ApplicationFilterChain.internalDoFilter(ApplicationFilterChain.java:164)
	at org.apache.catalina.core.ApplicationFilterChain.doFilter(ApplicationFilterChain.java:140)
	at org.springframework.web.filter.CharacterEncodingFilter.doFilterInternal(CharacterEncodingFilter.java:201)
	at org.springframework.web.filter.OncePerRequestFilter.doFilter(OncePerRequestFilter.java:116)
	at org.apache.catalina.core.ApplicationFilterChain.internalDoFilter(ApplicationFilterChain.java:164)
	at org.apache.catalina.core.ApplicationFilterChain.doFilter(ApplicationFilterChain.java:140)
	at org.apache.catalina.core.StandardWrapperValve.invoke(StandardWrapperValve.java:167)
	at org.apache.catalina.core.StandardContextValve.invoke(StandardContextValve.java:90)
	at org.apache.catalina.authenticator.AuthenticatorBase.invoke(AuthenticatorBase.java:483)
	at org.apache.catalina.core.StandardHostValve.invoke(StandardHostValve.java:116)
	at org.apache.catalina.valves.ErrorReportValve.invoke(ErrorReportValve.java:93)
	at org.apache.catalina.core.StandardEngineValve.invoke(StandardEngineValve.java:74)
	at org.apache.catalina.connector.CoyoteAdapter.service(CoyoteAdapter.java:344)
	at org.apache.coyote.http11.Http11Processor.service(Http11Processor.java:398)
	at org.apache.coyote.AbstractProcessorLight.process(AbstractProcessorLight.java:63)
	at org.apache.coyote.AbstractProtocol$ConnectionHandler.process(AbstractProtocol.java:903)
	at org.apache.tomcat.util.net.NioEndpoint$SocketProcessor.doRun(NioEndpoint.java:1769)
	at org.apache.tomcat.util.net.SocketProcessorBase.run(SocketProcessorBase.java:52)
	at org.apache.tomcat.util.threads.ThreadPoolExecutor.runWorker(ThreadPoolExecutor.java:1189)
	at org.apache.tomcat.util.threads.ThreadPoolExecutor$Worker.run(ThreadPoolExecutor.java:658)
	at org.apache.tomcat.util.threads.TaskThread$WrappingRunnable.run(TaskThread.java:63)
	at java.base/java.lang.Thread.run(Thread.java:840)
2025-10-09 12:16:51 [http-nio-8080-exec-4] WARN  o.s.w.s.m.a.ResponseStatusExceptionResolver - Resolved [com.desarrollox.learncompany.domain.exception.InvalidRoleException: El usuario con ID: 1no tiene rol de EMPLOYEE]
2025-10-09 12:36:32 [http-nio-8080-exec-1] WARN  o.s.w.s.m.m.a.ExceptionHandlerExceptionResolver - Resolved [org.springframework.web.bind.MethodArgumentNotValidException: Validation failed for argument [0] in public org.springframework.http.ResponseEntity<com.desarrollox.learncompany.core.web.dto.ApiResponse<com.desarrollox.learncompany.web.dto.AssessmentInstanceResponse>> com.desarrollox.learncompany.web.controller.AssessmentsInstanceController.createAssessmentInstance(com.desarrollox.learncompany.web.dto.AssessmentInstanceRequest): [Field error in object 'assessmentInstanceRequest' on field 'answers[0].content': rejected value [null]; codes [NotBlank.assessmentInstanceRequest.answers[0].content,NotBlank.assessmentInstanceRequest.answers.content,NotBlank.answers[0].content,NotBlank.answers.content,NotBlank.content,NotBlank.java.lang.String,NotBlank]; arguments [org.springframework.context.support.DefaultMessageSourceResolvable: codes [assessmentInstanceRequest.answers[0].content,answers[0].content]; arguments []; default message [answers[0].content]]; default message [El contenido de la respuesta no puede estar vacío]] ]
2025-10-09 12:56:41 [http-nio-8080-exec-3] WARN  o.s.w.s.m.m.a.ExceptionHandlerExceptionResolver - Resolved [com.desarrollox.learncompany.domain.exception.AssessmentInstanceNotFoundException: Evaluación con id: 1 no encontrada]
2025-10-09 13:03:46 [http-nio-8080-exec-9] WARN  o.s.w.s.m.m.a.ExceptionHandlerExceptionResolver - Resolved [com.desarrollox.learncompany.domain.exception.AssessmentInstanceNotFoundException: Evaluación con id: 1 no encontrada]
2025-10-09 13:10:28 [http-nio-8080-exec-5] WARN  o.s.w.s.m.m.a.ExceptionHandlerExceptionResolver - Resolved [com.desarrollox.learncompany.domain.exception.AssessmentInstanceNotFoundException: Evaluación con id: 1 no encontrada]
2025-10-09 16:00:07 [http-nio-8080-exec-8] WARN  o.s.w.s.m.m.a.ExceptionHandlerExceptionResolver - Resolved [java.lang.IllegalArgumentException]
2025-10-09 16:00:49 [http-nio-8080-exec-10] WARN  o.m.jdbc.message.server.ErrorPacket - Error: 1054-42S22: Unknown column 'message_notification' in 'INSERT INTO'
2025-10-09 16:00:49 [http-nio-8080-exec-10] WARN  o.h.e.jdbc.spi.SqlExceptionHelper - SQL Error: 1054, SQLState: 42S22
2025-10-09 16:00:49 [http-nio-8080-exec-10] ERROR o.h.e.jdbc.spi.SqlExceptionHelper - (conn=39) Unknown column 'message_notification' in 'INSERT INTO'
2025-10-09 16:00:49 [http-nio-8080-exec-10] WARN  o.s.w.s.m.m.a.ExceptionHandlerExceptionResolver - Resolved [org.springframework.dao.InvalidDataAccessResourceUsageException: could not execute statement [(conn=39) Unknown column 'message_notification' in 'INSERT INTO'] [insert into notifications_content (message_notification,reference_id,type_notification) values (?,?,?)]; SQL [insert into notifications_content (message_notification,reference_id,type_notification) values (?,?,?)]]
2025-10-09 16:01:40 [http-nio-8080-exec-3] WARN  o.m.jdbc.message.server.ErrorPacket - Error: 1054-42S22: Unknown column 'message_notification' in 'INSERT INTO'
2025-10-09 16:01:40 [http-nio-8080-exec-3] WARN  o.h.e.jdbc.spi.SqlExceptionHelper - SQL Error: 1054, SQLState: 42S22
2025-10-09 16:01:40 [http-nio-8080-exec-3] ERROR o.h.e.jdbc.spi.SqlExceptionHelper - (conn=39) Unknown column 'message_notification' in 'INSERT INTO'
2025-10-09 16:01:40 [http-nio-8080-exec-3] WARN  o.s.w.s.m.m.a.ExceptionHandlerExceptionResolver - Resolved [org.springframework.dao.InvalidDataAccessResourceUsageException: could not execute statement [(conn=39) Unknown column 'message_notification' in 'INSERT INTO'] [insert into notifications_content (message_notification,reference_id,type_notification) values (?,?,?)]; SQL [insert into notifications_content (message_notification,reference_id,type_notification) values (?,?,?)]]
2025-10-09 16:07:01 [restartedMain] INFO  c.d.l.LearncompanyApplication - Starting LearncompanyApplication using Java 17.0.16 with PID 68438 (/home/sebastian/Documentos/learn-company/build/classes/java/main started by sebastian in /home/sebastian/Documentos/learn-company)
2025-10-09 16:07:01 [restartedMain] INFO  c.d.l.LearncompanyApplication - The following 1 profile is active: "dev"
2025-10-09 16:07:02 [restartedMain] WARN  org.hibernate.orm.deprecation - HHH90000025: MariaDBDialect does not need to be specified explicitly using 'hibernate.dialect' (remove the property setting and it will be selected by default)
2025-10-09 16:07:04 [restartedMain] WARN  o.s.b.a.o.j.JpaBaseConfiguration$JpaWebConfiguration - spring.jpa.open-in-view is enabled by default. Therefore, database queries may be performed during view rendering. Explicitly configure spring.jpa.open-in-view to disable this warning
2025-10-09 16:07:04 [restartedMain] WARN  o.s.b.a.s.s.UserDetailsServiceAutoConfiguration - 

Using generated security password: 73d73af7-3641-41ba-8e5d-0e858dc145e4

This generated password is for development use only. Your security configuration must be updated before running your application in production.

2025-10-09 16:07:05 [restartedMain] INFO  c.d.l.LearncompanyApplication - Started LearncompanyApplication in 4.545 seconds (process running for 4.937)
2025-10-09 16:09:27 [http-nio-8080-exec-2] WARN  o.s.w.s.m.m.a.ExceptionHandlerExceptionResolver - Resolved [com.desarrollox.learncompany.domain.exception.UserNotFoundException: Usuario con id: 1 no encontrado]
2025-10-09 16:10:10 [http-nio-8080-exec-3] WARN  o.s.w.s.m.m.a.ExceptionHandlerExceptionResolver - Resolved [com.desarrollox.learncompany.domain.exception.DepartmentNotFoundException: Departamento con id: 1 no encontrado]
2025-10-09 16:10:59 [http-nio-8080-exec-7] WARN  o.s.w.s.m.m.a.ExceptionHandlerExceptionResolver - Resolved [com.desarrollox.learncompany.domain.exception.AssessmentInstanceNotFoundException: Evaluación con id: 1 no encontrada]
2025-10-09 16:11:14 [http-nio-8080-exec-8] WARN  o.s.w.s.m.m.a.ExceptionHandlerExceptionResolver - Resolved [com.desarrollox.learncompany.domain.exception.AssessmentInstanceNotFoundException: Evaluación con id: 2 no encontrada]
2025-10-09 16:18:18 [http-nio-8080-exec-2] WARN  o.s.w.s.m.m.a.ExceptionHandlerExceptionResolver - Resolved [org.springframework.web.bind.MethodArgumentNotValidException: Validation failed for argument [0] in public org.springframework.http.ResponseEntity<com.desarrollox.learncompany.core.web.dto.ApiResponse<com.desarrollox.learncompany.web.dto.NotificationResponse>> com.desarrollox.learncompany.web.controller.NotificationsController.createNotification(com.desarrollox.learncompany.web.dto.NotificationRequest): [Field error in object 'notificationRequest' on field 'content': rejected value [null]; codes [NotNull.notificationRequest.content,NotNull.content,NotNull.com.desarrollox.learncompany.web.dto.NotificationContentRequest,NotNull]; arguments [org.springframework.context.support.DefaultMessageSourceResolvable: codes [notificationRequest.content,content]; arguments []; default message [content]]; default message [El contenido de la notificación es obligatorio]] ]
2025-10-09 16:49:18 [http-nio-8080-exec-4] WARN  o.s.w.s.m.m.a.ExceptionHandlerExceptionResolver - Resolved [com.desarrollox.learncompany.domain.exception.NotificationNotFoundException: Notificacion con id: 4 no encontrada]
2025-10-09 17:08:38 [http-nio-8080-exec-10] WARN  o.s.w.s.m.m.a.ExceptionHandlerExceptionResolver - Resolved [com.desarrollox.learncompany.domain.exception.UserNotFoundException: Usuario con id: 3 no encontrado]
2025-10-09 17:11:31 [http-nio-8080-exec-3] WARN  o.s.w.s.m.m.a.ExceptionHandlerExceptionResolver - Resolved [org.springframework.web.bind.MethodArgumentNotValidException: Validation failed for argument [0] in public org.springframework.http.ResponseEntity<com.desarrollox.learncompany.core.web.dto.ApiResponse<com.desarrollox.learncompany.web.dto.CertificateResponse>> com.desarrollox.learncompany.web.controller.CertificateController.createCertificate(com.desarrollox.learncompany.web.dto.CertificateRequest) with 2 errors: [Field error in object 'certificateRequest' on field 'courseId': rejected value [null]; codes [NotNull.certificateRequest.courseId,NotNull.courseId,NotNull.java.lang.Long,NotNull]; arguments [org.springframework.context.support.DefaultMessageSourceResolvable: codes [certificateRequest.courseId,courseId]; arguments []; default message [courseId]]; default message [El ID del curso es obligatorio]] [Field error in object 'certificateRequest' on field 'employeeId': rejected value [null]; codes [NotNull.certificateRequest.employeeId,NotNull.employeeId,NotNull.java.lang.Long,NotNull]; arguments [org.springframework.context.support.DefaultMessageSourceResolvable: codes [certificateRequest.employeeId,employeeId]; arguments []; default message [employeeId]]; default message [El ID del empleado es obligatorio]] ]
2025-10-09 17:11:50 [http-nio-8080-exec-5] WARN  o.s.w.s.m.m.a.ExceptionHandlerExceptionResolver - Resolved [org.springframework.web.bind.MethodArgumentNotValidException: Validation failed for argument [0] in public org.springframework.http.ResponseEntity<com.desarrollox.learncompany.core.web.dto.ApiResponse<com.desarrollox.learncompany.web.dto.CertificateResponse>> com.desarrollox.learncompany.web.controller.CertificateController.createCertificate(com.desarrollox.learncompany.web.dto.CertificateRequest): [Field error in object 'certificateRequest' on field 'employeeId': rejected value [null]; codes [NotNull.certificateRequest.employeeId,NotNull.employeeId,NotNull.java.lang.Long,NotNull]; arguments [org.springframework.context.support.DefaultMessageSourceResolvable: codes [certificateRequest.employeeId,employeeId]; arguments []; default message [employeeId]]; default message [El ID del empleado es obligatorio]] ]
2025-10-09 17:11:57 [http-nio-8080-exec-6] WARN  o.s.w.s.m.m.a.ExceptionHandlerExceptionResolver - Resolved [com.desarrollox.learncompany.domain.exception.CourseNotFoundException: Curso con id: 5 no encontrado]
2025-10-09 17:12:13 [http-nio-8080-exec-8] WARN  o.s.w.s.m.m.a.ExceptionHandlerExceptionResolver - Resolved [com.desarrollox.learncompany.domain.exception.SeasonNotFoundException: la temporada con id: 2 no fue encontrada]
2025-10-09 17:12:40 [http-nio-8080-exec-10] WARN  o.s.w.s.m.m.a.ExceptionHandlerExceptionResolver - Resolved [com.desarrollox.learncompany.domain.exception.SeasonNotFoundException: la temporada con id: 2 no fue encontrada]
2025-10-09 17:12:48 [http-nio-8080-exec-1] WARN  o.s.w.s.m.m.a.ExceptionHandlerExceptionResolver - Failure in @ExceptionHandler com.desarrollox.learncompany.core.handler.GlobalExceptionHandler#handleForbidden(DepartmentIncorrectException)
java.lang.IllegalStateException: Could not resolve parameter [0] in public org.springframework.http.ResponseEntity<java.util.Map<java.lang.String, java.lang.Object>> com.desarrollox.learncompany.core.handler.GlobalExceptionHandler.handleForbidden(com.desarrollox.learncompany.domain.exception.DepartmentIncorrectException): No suitable resolver
	at org.springframework.web.method.support.InvocableHandlerMethod.getMethodArgumentValues(InvocableHandlerMethod.java:224)
	at org.springframework.web.method.support.InvocableHandlerMethod.invokeForRequest(InvocableHandlerMethod.java:181)
	at org.springframework.web.servlet.mvc.method.annotation.ServletInvocableHandlerMethod.invokeAndHandle(ServletInvocableHandlerMethod.java:118)
	at org.springframework.web.servlet.mvc.method.annotation.ExceptionHandlerExceptionResolver.doResolveHandlerMethodException(ExceptionHandlerExceptionResolver.java:471)
	at org.springframework.web.servlet.handler.AbstractHandlerMethodExceptionResolver.doResolveException(AbstractHandlerMethodExceptionResolver.java:73)
	at org.springframework.web.servlet.handler.AbstractHandlerExceptionResolver.resolveException(AbstractHandlerExceptionResolver.java:182)
	at org.springframework.web.servlet.handler.HandlerExceptionResolverComposite.resolveException(HandlerExceptionResolverComposite.java:80)
	at org.springframework.web.servlet.DispatcherServlet.processHandlerException(DispatcherServlet.java:1360)
	at org.springframework.web.servlet.DispatcherServlet.processDispatchResult(DispatcherServlet.java:1161)
	at org.springframework.web.servlet.DispatcherServlet.doDispatch(DispatcherServlet.java:1106)
	at org.springframework.web.servlet.DispatcherServlet.doService(DispatcherServlet.java:979)
	at org.springframework.web.servlet.FrameworkServlet.processRequest(FrameworkServlet.java:1014)
	at org.springframework.web.servlet.FrameworkServlet.doPost(FrameworkServlet.java:914)
	at jakarta.servlet.http.HttpServlet.service(HttpServlet.java:590)
	at org.springframework.web.servlet.FrameworkServlet.service(FrameworkServlet.java:885)
	at jakarta.servlet.http.HttpServlet.service(HttpServlet.java:658)
	at org.apache.catalina.core.ApplicationFilterChain.internalDoFilter(ApplicationFilterChain.java:195)
	at org.apache.catalina.core.ApplicationFilterChain.doFilter(ApplicationFilterChain.java:140)
	at org.apache.tomcat.websocket.server.WsFilter.doFilter(WsFilter.java:51)
	at org.apache.catalina.core.ApplicationFilterChain.internalDoFilter(ApplicationFilterChain.java:164)
	at org.apache.catalina.core.ApplicationFilterChain.doFilter(ApplicationFilterChain.java:140)
	at org.springframework.web.filter.CompositeFilter$VirtualFilterChain.doFilter(CompositeFilter.java:108)
	at org.springframework.web.filter.CompositeFilter$VirtualFilterChain.doFilter(CompositeFilter.java:108)
	at org.springframework.security.web.FilterChainProxy.lambda$doFilterInternal$3(FilterChainProxy.java:231)
	at org.springframework.security.web.FilterChainProxy$VirtualFilterChain.doFilter(FilterChainProxy.java:365)
	at org.springframework.security.web.access.intercept.AuthorizationFilter.doFilter(AuthorizationFilter.java:101)
	at org.springframework.security.web.FilterChainProxy$VirtualFilterChain.doFilter(FilterChainProxy.java:374)
	at org.springframework.security.web.access.ExceptionTranslationFilter.doFilter(ExceptionTranslationFilter.java:125)
	at org.springframework.security.web.access.ExceptionTranslationFilter.doFilter(ExceptionTranslationFilter.java:119)
	at org.springframework.security.web.FilterChainProxy$VirtualFilterChain.doFilter(FilterChainProxy.java:374)
	at org.springframework.security.web.authentication.AnonymousAuthenticationFilter.doFilter(AnonymousAuthenticationFilter.java:100)
	at org.springframework.security.web.FilterChainProxy$VirtualFilterChain.doFilter(FilterChainProxy.java:374)
	at org.springframework.security.web.servletapi.SecurityContextHolderAwareRequestFilter.doFilter(SecurityContextHolderAwareRequestFilter.java:179)
	at org.springframework.security.web.FilterChainProxy$VirtualFilterChain.doFilter(FilterChainProxy.java:374)
	at org.springframework.security.web.savedrequest.RequestCacheAwareFilter.doFilter(RequestCacheAwareFilter.java:63)
	at org.springframework.security.web.FilterChainProxy$VirtualFilterChain.doFilter(FilterChainProxy.java:374)
	at org.springframework.security.web.authentication.logout.LogoutFilter.doFilter(LogoutFilter.java:107)
	at org.springframework.security.web.authentication.logout.LogoutFilter.doFilter(LogoutFilter.java:93)
	at org.springframework.security.web.FilterChainProxy$VirtualFilterChain.doFilter(FilterChainProxy.java:374)
	at org.springframework.security.web.header.HeaderWriterFilter.doHeadersAfter(HeaderWriterFilter.java:90)
	at org.springframework.security.web.header.HeaderWriterFilter.doFilterInternal(HeaderWriterFilter.java:75)
	at org.springframework.web.filter.OncePerRequestFilter.doFilter(OncePerRequestFilter.java:116)
	at org.springframework.security.web.FilterChainProxy$VirtualFilterChain.doFilter(FilterChainProxy.java:374)
	at org.springframework.security.web.context.SecurityContextHolderFilter.doFilter(SecurityContextHolderFilter.java:82)
	at org.springframework.security.web.context.SecurityContextHolderFilter.doFilter(SecurityContextHolderFilter.java:69)
	at org.springframework.security.web.FilterChainProxy$VirtualFilterChain.doFilter(FilterChainProxy.java:374)
	at org.springframework.security.web.context.request.async.WebAsyncManagerIntegrationFilter.doFilterInternal(WebAsyncManagerIntegrationFilter.java:62)
	at org.springframework.web.filter.OncePerRequestFilter.doFilter(OncePerRequestFilter.java:116)
	at org.springframework.security.web.FilterChainProxy$VirtualFilterChain.doFilter(FilterChainProxy.java:374)
	at org.springframework.security.web.session.DisableEncodeUrlFilter.doFilterInternal(DisableEncodeUrlFilter.java:42)
	at org.springframework.web.filter.OncePerRequestFilter.doFilter(OncePerRequestFilter.java:116)
	at org.springframework.security.web.FilterChainProxy$VirtualFilterChain.doFilter(FilterChainProxy.java:374)
	at org.springframework.security.web.FilterChainProxy.doFilterInternal(FilterChainProxy.java:233)
	at org.springframework.security.web.FilterChainProxy.doFilter(FilterChainProxy.java:191)
	at org.springframework.web.filter.CompositeFilter$VirtualFilterChain.doFilter(CompositeFilter.java:113)
	at org.springframework.web.filter.ServletRequestPathFilter.doFilter(ServletRequestPathFilter.java:52)
	at org.springframework.web.filter.CompositeFilter$VirtualFilterChain.doFilter(CompositeFilter.java:113)
	at org.springframework.web.filter.CompositeFilter.doFilter(CompositeFilter.java:74)
	at org.springframework.security.config.annotation.web.configuration.WebSecurityConfiguration$CompositeFilterChainProxy.doFilter(WebSecurityConfiguration.java:319)
	at org.springframework.web.filter.CompositeFilter$VirtualFilterChain.doFilter(CompositeFilter.java:113)
	at org.springframework.web.servlet.handler.HandlerMappingIntrospector.lambda$createCacheFilter$4(HandlerMappingIntrospector.java:267)
	at org.springframework.web.filter.CompositeFilter$VirtualFilterChain.doFilter(CompositeFilter.java:113)
	at org.springframework.web.filter.CompositeFilter.doFilter(CompositeFilter.java:74)
	at org.springframework.security.config.annotation.web.configuration.WebMvcSecurityConfiguration$CompositeFilterChainProxy.doFilter(WebMvcSecurityConfiguration.java:240)
	at org.springframework.web.filter.DelegatingFilterProxy.invokeDelegate(DelegatingFilterProxy.java:362)
	at org.springframework.web.filter.DelegatingFilterProxy.doFilter(DelegatingFilterProxy.java:278)
	at org.apache.catalina.core.ApplicationFilterChain.internalDoFilter(ApplicationFilterChain.java:164)
	at org.apache.catalina.core.ApplicationFilterChain.doFilter(ApplicationFilterChain.java:140)
	at org.springframework.web.filter.RequestContextFilter.doFilterInternal(RequestContextFilter.java:100)
	at org.springframework.web.filter.OncePerRequestFilter.doFilter(OncePerRequestFilter.java:116)
	at org.apache.catalina.core.ApplicationFilterChain.internalDoFilter(ApplicationFilterChain.java:164)
	at org.apache.catalina.core.ApplicationFilterChain.doFilter(ApplicationFilterChain.java:140)
	at org.springframework.web.filter.FormContentFilter.doFilterInternal(FormContentFilter.java:93)
	at org.springframework.web.filter.OncePerRequestFilter.doFilter(OncePerRequestFilter.java:116)
	at org.apache.catalina.core.ApplicationFilterChain.internalDoFilter(ApplicationFilterChain.java:164)
	at org.apache.catalina.core.ApplicationFilterChain.doFilter(ApplicationFilterChain.java:140)
	at org.springframework.web.filter.CharacterEncodingFilter.doFilterInternal(CharacterEncodingFilter.java:201)
	at org.springframework.web.filter.OncePerRequestFilter.doFilter(OncePerRequestFilter.java:116)
	at org.apache.catalina.core.ApplicationFilterChain.internalDoFilter(ApplicationFilterChain.java:164)
	at org.apache.catalina.core.ApplicationFilterChain.doFilter(ApplicationFilterChain.java:140)
	at org.apache.catalina.core.StandardWrapperValve.invoke(StandardWrapperValve.java:167)
	at org.apache.catalina.core.StandardContextValve.invoke(StandardContextValve.java:90)
	at org.apache.catalina.authenticator.AuthenticatorBase.invoke(AuthenticatorBase.java:483)
	at org.apache.catalina.core.StandardHostValve.invoke(StandardHostValve.java:116)
	at org.apache.catalina.valves.ErrorReportValve.invoke(ErrorReportValve.java:93)
	at org.apache.catalina.core.StandardEngineValve.invoke(StandardEngineValve.java:74)
	at org.apache.catalina.connector.CoyoteAdapter.service(CoyoteAdapter.java:344)
	at org.apache.coyote.http11.Http11Processor.service(Http11Processor.java:398)
	at org.apache.coyote.AbstractProcessorLight.process(AbstractProcessorLight.java:63)
	at org.apache.coyote.AbstractProtocol$ConnectionHandler.process(AbstractProtocol.java:903)
	at org.apache.tomcat.util.net.NioEndpoint$SocketProcessor.doRun(NioEndpoint.java:1769)
	at org.apache.tomcat.util.net.SocketProcessorBase.run(SocketProcessorBase.java:52)
	at org.apache.tomcat.util.threads.ThreadPoolExecutor.runWorker(ThreadPoolExecutor.java:1189)
	at org.apache.tomcat.util.threads.ThreadPoolExecutor$Worker.run(ThreadPoolExecutor.java:658)
	at org.apache.tomcat.util.threads.TaskThread$WrappingRunnable.run(TaskThread.java:63)
	at java.base/java.lang.Thread.run(Thread.java:840)
2025-10-09 17:12:48 [http-nio-8080-exec-1] WARN  o.s.w.s.m.a.ResponseStatusExceptionResolver - Resolved [com.desarrollox.learncompany.domain.exception.InvalidRoleException: El usuario con ID 1 no tiene rol de INSTRUCTOR]
2025-10-09 17:15:06 [http-nio-8080-exec-7] WARN  o.s.w.s.m.m.a.ExceptionHandlerExceptionResolver - Resolved [com.desarrollox.learncompany.domain.exception.CourseNotFoundException: Curso con id: 5 no encontrado]
2025-10-09 17:18:39 [http-nio-8080-exec-10] WARN  o.s.w.s.m.m.a.ExceptionHandlerExceptionResolver - Resolved [org.springframework.web.bind.MethodArgumentNotValidException: Validation failed for argument [0] in public org.springframework.http.ResponseEntity<com.desarrollox.learncompany.core.web.dto.ApiResponse<com.desarrollox.learncompany.web.dto.CertificateResponse>> com.desarrollox.learncompany.web.controller.CertificateController.createCertificate(com.desarrollox.learncompany.web.dto.CertificateRequest): [Field error in object 'certificateRequest' on field 'courseId': rejected value [null]; codes [NotNull.certificateRequest.courseId,NotNull.courseId,NotNull.java.lang.Long,NotNull]; arguments [org.springframework.context.support.DefaultMessageSourceResolvable: codes [certificateRequest.courseId,courseId]; arguments []; default message [courseId]]; default message [El ID del curso es obligatorio]] ]
2025-10-09 17:22:27 [http-nio-8080-exec-2] WARN  o.m.jdbc.message.server.ErrorPacket - Error: 1062-23000: Duplicate entry '1-1' for key 'unique_employee_course_cert'
2025-10-09 17:22:27 [http-nio-8080-exec-2] WARN  o.h.e.jdbc.spi.SqlExceptionHelper - SQL Error: 1062, SQLState: 23000
2025-10-09 17:22:27 [http-nio-8080-exec-2] ERROR o.h.e.jdbc.spi.SqlExceptionHelper - (conn=91) Duplicate entry '1-1' for key 'unique_employee_course_cert'
2025-10-09 17:22:27 [http-nio-8080-exec-2] WARN  o.s.w.s.m.m.a.ExceptionHandlerExceptionResolver - Resolved [org.springframework.dao.DataIntegrityViolationException: could not execute statement [(conn=91) Duplicate entry '1-1' for key 'unique_employee_course_cert'] [insert into certificates (course_id,date_issued,employee_id) values (?,?,?)]; SQL [insert into certificates (course_id,date_issued,employee_id) values (?,?,?)]; constraint [unique_employee_course_cert]]
2025-10-09 17:22:46 [http-nio-8080-exec-4] WARN  o.m.jdbc.message.server.ErrorPacket - Error: 1062-23000: Duplicate entry '1-1' for key 'unique_employee_course_cert'
2025-10-09 17:22:46 [http-nio-8080-exec-4] WARN  o.h.e.jdbc.spi.SqlExceptionHelper - SQL Error: 1062, SQLState: 23000
2025-10-09 17:22:46 [http-nio-8080-exec-4] ERROR o.h.e.jdbc.spi.SqlExceptionHelper - (conn=91) Duplicate entry '1-1' for key 'unique_employee_course_cert'
2025-10-09 17:22:46 [http-nio-8080-exec-4] WARN  o.s.w.s.m.m.a.ExceptionHandlerExceptionResolver - Resolved [org.springframework.dao.DataIntegrityViolationException: could not execute statement [(conn=91) Duplicate entry '1-1' for key 'unique_employee_course_cert'] [insert into certificates (course_id,date_issued,employee_id) values (?,?,?)]; SQL [insert into certificates (course_id,date_issued,employee_id) values (?,?,?)]; constraint [unique_employee_course_cert]]
2025-10-09 17:36:50 [http-nio-8080-exec-8] WARN  o.s.w.s.m.m.a.ExceptionHandlerExceptionResolver - Resolved [com.desarrollox.learncompany.domain.exception.UserNotFoundException: Usuario con id: 5 no encontrado]
2025-10-09 17:37:26 [http-nio-8080-exec-10] WARN  o.s.w.s.m.m.a.ExceptionHandlerExceptionResolver - Resolved [com.desarrollox.learncompany.domain.exception.UserNotFoundException: Usuario con id: 3 no encontrado]
2025-10-09 17:41:21 [http-nio-8080-exec-3] WARN  o.s.w.s.m.m.a.ExceptionHandlerExceptionResolver - Resolved [com.desarrollox.learncompany.domain.exception.CertificateNotFoundException: Certificado con id: 1 no encontrado]
2025-10-09 17:44:59 [http-nio-8080-exec-6] WARN  o.s.w.s.m.m.a.ExceptionHandlerExceptionResolver - Resolved [com.desarrollox.learncompany.domain.exception.CertificateNotFoundException: Certificado con id: 5 no encontrado]
2025-10-09 17:47:50 [http-nio-8080-exec-10] WARN  o.s.w.s.m.m.a.ExceptionHandlerExceptionResolver - Resolved [org.springframework.web.bind.MethodArgumentNotValidException: Validation failed for argument [0] in public org.springframework.http.ResponseEntity<com.desarrollox.learncompany.core.web.dto.ApiResponse<com.desarrollox.learncompany.web.dto.BadgeResponse>> com.desarrollox.learncompany.web.controller.BadgesController.createBadge(com.desarrollox.learncompany.web.dto.BadgeRequest): [Field error in object 'badgeRequest' on field 'urlIcon': rejected value [null]; codes [NotBlank.badgeRequest.urlIcon,NotBlank.urlIcon,NotBlank.java.lang.String,NotBlank]; arguments [org.springframework.context.support.DefaultMessageSourceResolvable: codes [badgeRequest.urlIcon,urlIcon]; arguments []; default message [urlIcon]]; default message [La URL del ícono es obligatoria]] ]
2025-10-09 17:53:14 [http-nio-8080-exec-5] WARN  o.s.w.s.m.m.a.ExceptionHandlerExceptionResolver - Resolved [com.desarrollox.learncompany.domain.exception.BadgeAlreadyRegisteredException: Ya existe un badge con este nombre: maestro]
2025-10-09 17:57:25 [http-nio-8080-exec-8] WARN  o.m.jdbc.message.server.ErrorPacket - Error: 1062-23000: Duplicate entry '1-1' for key 'unique_employee_course_cert'
2025-10-09 17:57:25 [http-nio-8080-exec-8] WARN  o.h.e.jdbc.spi.SqlExceptionHelper - SQL Error: 1062, SQLState: 23000
2025-10-09 17:57:25 [http-nio-8080-exec-8] ERROR o.h.e.jdbc.spi.SqlExceptionHelper - (conn=112) Duplicate entry '1-1' for key 'unique_employee_course_cert'
2025-10-09 17:57:25 [http-nio-8080-exec-8] WARN  o.s.w.s.m.m.a.ExceptionHandlerExceptionResolver - Resolved [org.springframework.dao.DataIntegrityViolationException: could not execute statement [(conn=112) Duplicate entry '1-1' for key 'unique_employee_course_cert'] [insert into certificates (course_id,date_issued,employee_id) values (?,?,?)]; SQL [insert into certificates (course_id,date_issued,employee_id) values (?,?,?)]; constraint [unique_employee_course_cert]]
2025-10-09 17:58:14 [http-nio-8080-exec-10] WARN  o.s.w.s.m.m.a.ExceptionHandlerExceptionResolver - Resolved [com.desarrollox.learncompany.domain.exception.CourseNotFoundException: Curso con id: 2 no encontrado]
2025-10-09 17:59:41 [http-nio-8080-exec-4] WARN  o.s.w.s.m.m.a.ExceptionHandlerExceptionResolver - Resolved [org.springframework.web.bind.MethodArgumentNotValidException: Validation failed for argument [0] in public org.springframework.http.ResponseEntity<com.desarrollox.learncompany.core.web.dto.ApiResponse<com.desarrollox.learncompany.web.dto.BadgeResponse>> com.desarrollox.learncompany.web.controller.BadgesController.createBadge(com.desarrollox.learncompany.web.dto.BadgeRequest): [Field error in object 'badgeRequest' on field 'urlIcon': rejected value [null]; codes [NotBlank.badgeRequest.urlIcon,NotBlank.urlIcon,NotBlank.java.lang.String,NotBlank]; arguments [org.springframework.context.support.DefaultMessageSourceResolvable: codes [badgeRequest.urlIcon,urlIcon]; arguments []; default message [urlIcon]]; default message [La URL del ícono es obligatoria]] ]
2025-10-09 23:52:07 [restartedMain] INFO  c.d.l.LearncompanyApplication - Starting LearncompanyApplication using Java 17.0.16 with PID 181472 (/home/sebastian/Documentos/learn-company/build/classes/java/main started by sebastian in /home/sebastian/Documentos/learn-company)
2025-10-09 23:52:07 [restartedMain] INFO  c.d.l.LearncompanyApplication - The following 1 profile is active: "dev"
2025-10-09 23:52:09 [restartedMain] WARN  org.hibernate.orm.deprecation - HHH90000025: MariaDBDialect does not need to be specified explicitly using 'hibernate.dialect' (remove the property setting and it will be selected by default)
2025-10-09 23:52:11 [restartedMain] WARN  o.s.b.a.o.j.JpaBaseConfiguration$JpaWebConfiguration - spring.jpa.open-in-view is enabled by default. Therefore, database queries may be performed during view rendering. Explicitly configure spring.jpa.open-in-view to disable this warning
2025-10-09 23:52:11 [restartedMain] WARN  o.s.b.a.s.s.UserDetailsServiceAutoConfiguration - 

Using generated security password: e9e59b37-2df4-4bdc-8bf2-c799d7a430bc

This generated password is for development use only. Your security configuration must be updated before running your application in production.

2025-10-09 23:52:11 [restartedMain] WARN  o.s.b.d.a.OptionalLiveReloadServer - Unable to start LiveReload server
2025-10-09 23:52:11 [restartedMain] WARN  o.s.b.w.s.c.AnnotationConfigServletWebServerApplicationContext - Exception encountered during context initialization - cancelling refresh attempt: org.springframework.context.ApplicationContextException: Failed to start bean 'webServerStartStop'
2025-10-09 23:52:11 [restartedMain] ERROR o.s.boot.SpringApplication - Application run failed
org.springframework.context.ApplicationContextException: Failed to start bean 'webServerStartStop'
	at org.springframework.context.support.DefaultLifecycleProcessor.doStart(DefaultLifecycleProcessor.java:408)
	at org.springframework.context.support.DefaultLifecycleProcessor.doStart(DefaultLifecycleProcessor.java:394)
	at org.springframework.context.support.DefaultLifecycleProcessor$LifecycleGroup.start(DefaultLifecycleProcessor.java:586)
	at java.base/java.lang.Iterable.forEach(Iterable.java:75)
	at org.springframework.context.support.DefaultLifecycleProcessor.startBeans(DefaultLifecycleProcessor.java:364)
	at org.springframework.context.support.DefaultLifecycleProcessor.onRefresh(DefaultLifecycleProcessor.java:310)
	at org.springframework.context.support.AbstractApplicationContext.finishRefresh(AbstractApplicationContext.java:1006)
	at org.springframework.context.support.AbstractApplicationContext.refresh(AbstractApplicationContext.java:630)
	at org.springframework.boot.web.servlet.context.ServletWebServerApplicationContext.refresh(ServletWebServerApplicationContext.java:146)
	at org.springframework.boot.SpringApplication.refresh(SpringApplication.java:752)
	at org.springframework.boot.SpringApplication.refreshContext(SpringApplication.java:439)
	at org.springframework.boot.SpringApplication.run(SpringApplication.java:318)
	at org.springframework.boot.SpringApplication.run(SpringApplication.java:1361)
	at org.springframework.boot.SpringApplication.run(SpringApplication.java:1350)
	at com.desarrollox.learncompany.LearncompanyApplication.main(LearncompanyApplication.java:24)
	at java.base/jdk.internal.reflect.NativeMethodAccessorImpl.invoke0(Native Method)
	at java.base/jdk.internal.reflect.NativeMethodAccessorImpl.invoke(NativeMethodAccessorImpl.java:77)
	at java.base/jdk.internal.reflect.DelegatingMethodAccessorImpl.invoke(DelegatingMethodAccessorImpl.java:43)
	at java.base/java.lang.reflect.Method.invoke(Method.java:569)
	at org.springframework.boot.devtools.restart.RestartLauncher.run(RestartLauncher.java:50)
Caused by: org.springframework.boot.web.server.WebServerException: Unable to start embedded Tomcat server
	at org.springframework.boot.web.embedded.tomcat.TomcatWebServer.start(TomcatWebServer.java:251)
	at org.springframework.boot.web.servlet.context.WebServerStartStopLifecycle.start(WebServerStartStopLifecycle.java:44)
	at org.springframework.context.support.DefaultLifecycleProcessor.doStart(DefaultLifecycleProcessor.java:405)
	... 19 common frames omitted
Caused by: java.lang.IllegalArgumentException: standardService.connector.startFailed
	at org.apache.catalina.core.StandardService.addConnector(StandardService.java:222)
	at org.springframework.boot.web.embedded.tomcat.TomcatWebServer.addPreviouslyRemovedConnectors(TomcatWebServer.java:310)
	at org.springframework.boot.web.embedded.tomcat.TomcatWebServer.start(TomcatWebServer.java:236)
	... 21 common frames omitted
Caused by: org.apache.catalina.LifecycleException: Protocol handler start failed
	at org.apache.catalina.connector.Connector.startInternal(Connector.java:1106)
	at org.apache.catalina.util.LifecycleBase.start(LifecycleBase.java:164)
	at org.apache.catalina.core.StandardService.addConnector(StandardService.java:219)
	... 23 common frames omitted
Caused by: java.net.BindException: La dirección ya se está usando
	at java.base/sun.nio.ch.Net.bind0(Native Method)
	at java.base/sun.nio.ch.Net.bind(Net.java:555)
	at java.base/sun.nio.ch.ServerSocketChannelImpl.netBind(ServerSocketChannelImpl.java:337)
	at java.base/sun.nio.ch.ServerSocketChannelImpl.bind(ServerSocketChannelImpl.java:294)
	at org.apache.tomcat.util.net.NioEndpoint.initServerSocket(NioEndpoint.java:266)
	at org.apache.tomcat.util.net.NioEndpoint.bind(NioEndpoint.java:221)
	at org.apache.tomcat.util.net.AbstractEndpoint.bindWithCleanup(AbstractEndpoint.java:1399)
	at org.apache.tomcat.util.net.AbstractEndpoint.start(AbstractEndpoint.java:1482)
	at org.apache.coyote.AbstractProtocol.start(AbstractProtocol.java:644)
	at org.apache.catalina.connector.Connector.startInternal(Connector.java:1103)
	... 25 common frames omitted
